Archive member included to satisfy reference by file (symbol)

C:/ST/STM32CubeIDE_1.19.0/STM32CubeIDE/plugins/com.st.stm32cube.ide.mcu.externaltools.gnu-tools-for-stm32.13.3.rel1.win32_1.0.0.202411081344/tools/bin/../lib/gcc/arm-none-eabi/13.3.1/../../../../arm-none-eabi/lib/thumb/v7e-m+fp/hard\libc_nano.a(libc_a-exit.o)
                              C:/ST/STM32CubeIDE_1.19.0/STM32CubeIDE/plugins/com.st.stm32cube.ide.mcu.externaltools.gnu-tools-for-stm32.13.3.rel1.win32_1.0.0.202411081344/tools/bin/../lib/gcc/arm-none-eabi/13.3.1/../../../../arm-none-eabi/lib/thumb/v7e-m+fp/hard/crt0.o (exit)
C:/ST/STM32CubeIDE_1.19.0/STM32CubeIDE/plugins/com.st.stm32cube.ide.mcu.externaltools.gnu-tools-for-stm32.13.3.rel1.win32_1.0.0.202411081344/tools/bin/../lib/gcc/arm-none-eabi/13.3.1/../../../../arm-none-eabi/lib/thumb/v7e-m+fp/hard\libc_nano.a(libc_a-ctype_.o)
                              ./Middlewares/Third_Party/RealThread_RTOS_RT-Thread/components/finsh/src/msh_parse.o (_ctype_)
C:/ST/STM32CubeIDE_1.19.0/STM32CubeIDE/plugins/com.st.stm32cube.ide.mcu.externaltools.gnu-tools-for-stm32.13.3.rel1.win32_1.0.0.202411081344/tools/bin/../lib/gcc/arm-none-eabi/13.3.1/../../../../arm-none-eabi/lib/thumb/v7e-m+fp/hard\libc_nano.a(libc_a-nano-vfprintf_float.o)
                              (_printf_float)
C:/ST/STM32CubeIDE_1.19.0/STM32CubeIDE/plugins/com.st.stm32cube.ide.mcu.externaltools.gnu-tools-for-stm32.13.3.rel1.win32_1.0.0.202411081344/tools/bin/../lib/gcc/arm-none-eabi/13.3.1/../../../../arm-none-eabi/lib/thumb/v7e-m+fp/hard\libc_nano.a(libc_a-nano-vfprintf_i.o)
                              C:/ST/STM32CubeIDE_1.19.0/STM32CubeIDE/plugins/com.st.stm32cube.ide.mcu.externaltools.gnu-tools-for-stm32.13.3.rel1.win32_1.0.0.202411081344/tools/bin/../lib/gcc/arm-none-eabi/13.3.1/../../../../arm-none-eabi/lib/thumb/v7e-m+fp/hard\libc_nano.a(libc_a-nano-vfprintf_float.o) (_printf_common)
C:/ST/STM32CubeIDE_1.19.0/STM32CubeIDE/plugins/com.st.stm32cube.ide.mcu.externaltools.gnu-tools-for-stm32.13.3.rel1.win32_1.0.0.202411081344/tools/bin/../lib/gcc/arm-none-eabi/13.3.1/../../../../arm-none-eabi/lib/thumb/v7e-m+fp/hard\libc_nano.a(libc_a-findfp.o)
                              C:/ST/STM32CubeIDE_1.19.0/STM32CubeIDE/plugins/com.st.stm32cube.ide.mcu.externaltools.gnu-tools-for-stm32.13.3.rel1.win32_1.0.0.202411081344/tools/bin/../lib/gcc/arm-none-eabi/13.3.1/../../../../arm-none-eabi/lib/thumb/v7e-m+fp/hard\libc_nano.a(libc_a-exit.o) (__stdio_exit_handler)
C:/ST/STM32CubeIDE_1.19.0/STM32CubeIDE/plugins/com.st.stm32cube.ide.mcu.externaltools.gnu-tools-for-stm32.13.3.rel1.win32_1.0.0.202411081344/tools/bin/../lib/gcc/arm-none-eabi/13.3.1/../../../../arm-none-eabi/lib/thumb/v7e-m+fp/hard\libc_nano.a(libc_a-fwalk.o)
                              C:/ST/STM32CubeIDE_1.19.0/STM32CubeIDE/plugins/com.st.stm32cube.ide.mcu.externaltools.gnu-tools-for-stm32.13.3.rel1.win32_1.0.0.202411081344/tools/bin/../lib/gcc/arm-none-eabi/13.3.1/../../../../arm-none-eabi/lib/thumb/v7e-m+fp/hard\libc_nano.a(libc_a-findfp.o) (_fwalk_sglue)
C:/ST/STM32CubeIDE_1.19.0/STM32CubeIDE/plugins/com.st.stm32cube.ide.mcu.externaltools.gnu-tools-for-stm32.13.3.rel1.win32_1.0.0.202411081344/tools/bin/../lib/gcc/arm-none-eabi/13.3.1/../../../../arm-none-eabi/lib/thumb/v7e-m+fp/hard\libc_nano.a(libc_a-printf.o)
                              ./Core/Src/main.o (printf)
C:/ST/STM32CubeIDE_1.19.0/STM32CubeIDE/plugins/com.st.stm32cube.ide.mcu.externaltools.gnu-tools-for-stm32.13.3.rel1.win32_1.0.0.202411081344/tools/bin/../lib/gcc/arm-none-eabi/13.3.1/../../../../arm-none-eabi/lib/thumb/v7e-m+fp/hard\libc_nano.a(libc_a-puts.o)
                              ./Core/Src/main.o (puts)
C:/ST/STM32CubeIDE_1.19.0/STM32CubeIDE/plugins/com.st.stm32cube.ide.mcu.externaltools.gnu-tools-for-stm32.13.3.rel1.win32_1.0.0.202411081344/tools/bin/../lib/gcc/arm-none-eabi/13.3.1/../../../../arm-none-eabi/lib/thumb/v7e-m+fp/hard\libc_nano.a(libc_a-stdio.o)
                              C:/ST/STM32CubeIDE_1.19.0/STM32CubeIDE/plugins/com.st.stm32cube.ide.mcu.externaltools.gnu-tools-for-stm32.13.3.rel1.win32_1.0.0.202411081344/tools/bin/../lib/gcc/arm-none-eabi/13.3.1/../../../../arm-none-eabi/lib/thumb/v7e-m+fp/hard\libc_nano.a(libc_a-findfp.o) (__sread)
C:/ST/STM32CubeIDE_1.19.0/STM32CubeIDE/plugins/com.st.stm32cube.ide.mcu.externaltools.gnu-tools-for-stm32.13.3.rel1.win32_1.0.0.202411081344/tools/bin/../lib/gcc/arm-none-eabi/13.3.1/../../../../arm-none-eabi/lib/thumb/v7e-m+fp/hard\libc_nano.a(libc_a-wbuf.o)
                              C:/ST/STM32CubeIDE_1.19.0/STM32CubeIDE/plugins/com.st.stm32cube.ide.mcu.externaltools.gnu-tools-for-stm32.13.3.rel1.win32_1.0.0.202411081344/tools/bin/../lib/gcc/arm-none-eabi/13.3.1/../../../../arm-none-eabi/lib/thumb/v7e-m+fp/hard\libc_nano.a(libc_a-puts.o) (__swbuf_r)
[...]
Memory Configuration

Name             Origin             Length             Attributes
RAM              0x20000000         0x00020000         xrw
FLASH            0x08000000         0x00080000         xr
*default*        0x00000000         0xffffffff

Linker script and memory map

LOAD C:/ST/STM32CubeIDE_1.19.0/STM32CubeIDE/plugins/com.st.stm32cube.ide.mcu.externaltools.gnu-tools-for-stm32.13.3.rel1.win32_1.0.0.202411081344/tools/bin/../lib/gcc/arm-none-eabi/13.3.1/thumb/v7e-m+fp/hard/crti.o
LOAD C:/ST/STM32CubeIDE_1.19.0/STM32CubeIDE/plugins/com.st.stm32cube.ide.mcu.externaltools.gnu-tools-for-stm32.13.3.rel1.win32_1.0.0.202411081344/tools/bin/../lib/gcc/arm-none-eabi/13.3.1/thumb/v7e-m+fp/hard/crtbegin.o
LOAD C:/ST/STM32CubeIDE_1.19.0/STM32CubeIDE/plugins/com.st.stm32cube.ide.mcu.externaltools.gnu-tools-for-stm32.13.3.rel1.win32_1.0.0.202411081344/tools/bin/../lib/gcc/arm-none-eabi/13.3.1/../../../../arm-none-eabi/lib/thumb/v7e-m+fp/hard/crt0.o
LOAD ./Core/Src/main.o
LOAD ./Core/Src/retarget.o
LOAD ./Core/Src/stm32f4xx_hal_msp.o
LOAD ./Core/Src/stm32f4xx_it.o
LOAD ./Core/Src/syscalls.o
LOAD ./Core/Src/sysmem.o
LOAD ./Core/Src/system_stm32f4xx.o
LOAD ./Core/Startup/startup_stm32f411vetx.o
LOAD ./Drivers/STM32F4xx_HAL_Driver/Src/stm32f4xx_hal.o
LOAD ./Drivers/STM32F4xx_HAL_Driver/Src/stm32f4xx_hal_cortex.o
LOAD ./Drivers/STM32F4xx_HAL_Driver/Src/stm32f4xx_hal_dma.o
LOAD ./Drivers/STM32F4xx_HAL_Driver/Src/stm32f4xx_hal_dma_ex.o
LOAD ./Drivers/STM32F4xx_HAL_Driver/Src/stm32f4xx_hal_exti.o
LOAD ./Drivers/STM32F4xx_HAL_Driver/Src/stm32f4xx_hal_flash.o
LOAD ./Drivers/STM32F4xx_HAL_Driver/Src/stm32f4xx_hal_flash_ex.o
LOAD ./Drivers/STM32F4xx_HAL_Driver/Src/stm32f4xx_hal_flash_ramfunc.o
LOAD ./Drivers/STM32F4xx_HAL_Driver/Src/stm32f4xx_hal_gpio.o
LOAD ./Drivers/STM32F4xx_HAL_Driver/Src/stm32f4xx_hal_i2c.o
LOAD ./Drivers/STM32F4xx_HAL_Driver/Src/stm32f4xx_hal_i2c_ex.o
LOAD ./Drivers/STM32F4xx_HAL_Driver/Src/stm32f4xx_hal_pwr.o
LOAD ./Drivers/STM32F4xx_HAL_Driver/Src/stm32f4xx_hal_pwr_ex.o
LOAD ./Drivers/STM32F4xx_HAL_Driver/Src/stm32f4xx_hal_rcc.o
LOAD ./Drivers/STM32F4xx_HAL_Driver/Src/stm32f4xx_hal_rcc_ex.o
LOAD ./Drivers/STM32F4xx_HAL_Driver/Src/stm32f4xx_hal_uart.o
LOAD ./Middlewares/Third_Party/RealThread_RTOS_RT-Thread/bsp/_template/cubemx_config/board.o
LOAD ./Middlewares/Third_Party/RealThread_RTOS_RT-Thread/components/device/device.o
LOAD ./Middlewares/Third_Party/RealThread_RTOS_RT-Thread/components/finsh/src/cmd.o
LOAD ./Middlewares/Third_Party/RealThread_RTOS_RT-Thread/components/finsh/src/msh.o
LOAD ./Middlewares/Third_Party/RealThread_RTOS_RT-Thread/components/finsh/src/msh_file.o
LOAD ./Middlewares/Third_Party/RealThread_RTOS_RT-Thread/components/finsh/src/msh_parse.o
LOAD ./Middlewares/Third_Party/RealThread_RTOS_RT-Thread/components/finsh/src/shell.o
LOAD ./Middlewares/Third_Party/RealThread_RTOS_RT-Thread/libcpu/arm/cortex-m4/context_gcc.o
LOAD ./Middlewares/Third_Party/RealThread_RTOS_RT-Thread/libcpu/arm/cortex-m4/cpuport.o
LOAD ./Middlewares/Third_Party/RealThread_RTOS_RT-Thread/src/clock.o
LOAD ./Middlewares/Third_Party/RealThread_RTOS_RT-Thread/src/components.o
LOAD ./Middlewares/Third_Party/RealThread_RTOS_RT-Thread/src/cpu.o
LOAD ./Middlewares/Third_Party/RealThread_RTOS_RT-Thread/src/idle.o
LOAD ./Middlewares/Third_Party/RealThread_RTOS_RT-Thread/src/ipc.o
LOAD ./Middlewares/Third_Party/RealThread_RTOS_RT-Thread/src/irq.o
LOAD ./Middlewares/Third_Party/RealThread_RTOS_RT-Thread/src/kservice.o
LOAD ./Middlewares/Third_Party/RealThread_RTOS_RT-Thread/src/mem.o
LOAD ./Middlewares/Third_Party/RealThread_RTOS_RT-Thread/src/memheap.o
LOAD ./Middlewares/Third_Party/RealThread_RTOS_RT-Thread/src/mempool.o
LOAD ./Middlewares/Third_Party/RealThread_RTOS_RT-Thread/src/object.o
LOAD ./Middlewares/Third_Party/RealThread_RTOS_RT-Thread/src/scheduler.o
LOAD ./Middlewares/Third_Party/RealThread_RTOS_RT-Thread/src/signal.o
LOAD ./Middlewares/Third_Party/RealThread_RTOS_RT-Thread/src/slab.o
LOAD ./Middlewares/Third_Party/RealThread_RTOS_RT-Thread/src/thread.o
LOAD ./Middlewares/Third_Party/RealThread_RTOS_RT-Thread/src/timer.o
START GROUP
LOAD C:/ST/STM32CubeIDE_1.19.0/STM32CubeIDE/plugins/com.st.stm32cube.ide.mcu.externaltools.gnu-tools-for-stm32.13.3.rel1.win32_1.0.0.202411081344/tools/bin/../lib/gcc/arm-none-eabi/13.3.1/../../../../arm-none-eabi/lib/thumb/v7e-m+fp/hard\libc_nano.a
LOAD C:/ST/STM32CubeIDE_1.19.0/STM32CubeIDE/plugins/com.st.stm32cube.ide.mcu.externaltools.gnu-tools-for-stm32.13.3.rel1.win32_1.0.0.202411081344/tools/bin/../lib/gcc/arm-none-eabi/13.3.1/../../../../arm-none-eabi/lib/thumb/v7e-m+fp/hard\libm.a
END GROUP
START GROUP
LOAD C:/ST/STM32CubeIDE_1.19.0/STM32CubeIDE/plugins/com.st.stm32cube.ide.mcu.externaltools.gnu-tools-for-stm32.13.3.rel1.win32_1.0.0.202411081344/tools/bin/../lib/gcc/arm-none-eabi/13.3.1/thumb/v7e-m+fp/hard\libgcc.a
LOAD C:/ST/STM32CubeIDE_1.19.0/STM32CubeIDE/plugins/com.st.stm32cube.ide.mcu.externaltools.gnu-tools-for-stm32.13.3.rel1.win32_1.0.0.202411081344/tools/bin/../lib/gcc/arm-none-eabi/13.3.1/../../../../arm-none-eabi/lib/thumb/v7e-m+fp/hard\libc_nano.a
END GROUP
START GROUP
LOAD C:/ST/STM32CubeIDE_1.19.0/STM32CubeIDE/plugins/com.st.stm32cube.ide.mcu.externaltools.gnu-tools-for-stm32.13.3.rel1.win32_1.0.0.202411081344/tools/bin/../lib/gcc/arm-none-eabi/13.3.1/thumb/v7e-m+fp/hard\libgcc.a
LOAD C:/ST/STM32CubeIDE_1.19.0/STM32CubeIDE/plugins/com.st.stm32cube.ide.mcu.externaltools.gnu-tools-for-stm32.13.3.rel1.win32_1.0.0.202411081344/tools/bin/../lib/gcc/arm-none-eabi/13.3.1/../../../../arm-none-eabi/lib/thumb/v7e-m+fp/hard\libc_nano.a
LOAD C:/ST/STM32CubeIDE_1.19.0/STM32CubeIDE/plugins/com.st.stm32cube.ide.mcu.externaltools.gnu-tools-for-stm32.13.3.rel1.win32_1.0.0.202411081344/tools/bin/../lib/gcc/arm-none-eabi/13.3.1/../../../../arm-none-eabi/lib/thumb/v7e-m+fp/hard\libnosys.a
END GROUP
START GROUP
LOAD C:/ST/STM32CubeIDE_1.19.0/STM32CubeIDE/plugins/com.st.stm32cube.ide.mcu.externaltools.gnu-tools-for-stm32.13.3.rel1.win32_1.0.0.202411081344/tools/bin/../lib/gcc/arm-none-eabi/13.3.1/thumb/v7e-m+fp/hard\libgcc.a
LOAD C:/ST/STM32CubeIDE_1.19.0/STM32CubeIDE/plugins/com.st.stm32cube.ide.mcu.externaltools.gnu-tools-for-stm32.13.3.rel1.win32_1.0.0.202411081344/tools/bin/../lib/gcc/arm-none-eabi/13.3.1/../../../../arm-none-eabi/lib/thumb/v7e-m+fp/hard\libc_nano.a
LOAD C:/ST/STM32CubeIDE_1.19.0/STM32CubeIDE/plugins/com.st.stm32cube.ide.mcu.externaltools.gnu-tools-for-stm32.13.3.rel1.win32_1.0.0.202411081344/tools/bin/../lib/gcc/arm-none-eabi/13.3.1/../../../../arm-none-eabi/lib/thumb/v7e-m+fp/hard\libnosys.a
END GROUP
LOAD C:/ST/STM32CubeIDE_1.19.0/STM32CubeIDE/plugins/com.st.stm32cube.ide.mcu.externaltools.gnu-tools-for-stm32.13.3.rel1.win32_1.0.0.202411081344/tools/bin/../lib/gcc/arm-none-eabi/13.3.1/thumb/v7e-m+fp/hard/crtend.o
LOAD C:/ST/STM32CubeIDE_1.19.0/STM32CubeIDE/plugins/com.st.stm32cube.ide.mcu.externaltools.gnu-tools-for-stm32.13.3.rel1.win32_1.0.0.202411081344/tools/bin/../lib/gcc/arm-none-eabi/13.3.1/thumb/v7e-m+fp/hard/crtn.o
                0x20020000                        _estack = (ORIGIN (RAM) + LENGTH (RAM))
                0x00000200                        _Min_Heap_Size = 0x200
                0x00000400                        _Min_Stack_Size = 0x400

.isr_vector     0x08000000      0x198
                0x08000000                        . = ALIGN (0x4)
 *(.isr_vector)
 .isr_vector    0x08000000      0x198 ./Core/Startup/startup_stm32f411vetx.o
                0x08000000                g_pfnVectors
                0x08000198                        . = ALIGN (0x4)

.text           0x080001a0     0xb3f8
                0x080001a0                        . = ALIGN (0x4)
 *(.text)
 .text          0x080001a0       0x40 C:/ST/STM32CubeIDE_1.19.0/STM32CubeIDE/plugins/com.st.stm32cube.ide.mcu.externaltools.gnu-tools-for-stm32.13.3.rel1.win32_1.0.0.202411081344/tools/bin/../lib/gcc/arm-none-eabi/13.3.1/thumb/v7e-m+fp/hard/crtbegin.o
 .text          0x080001e0      0x144 ./Middlewares/Third_Party/RealThread_RTOS_RT-Thread/libcpu/arm/cortex-m4/context_gcc.o
                0x080001e0                rt_hw_interrupt_disable
                0x080001e8                rt_hw_interrupt_enable
                0x080001ee                rt_hw_context_switch_interrupt
                0x080001ee                rt_hw_context_switch
                0x0800020e                PendSV_Handler
                0x0800027a                rt_hw_context_switch_to
                0x080002c8                rt_hw_interrupt_thread_switch
                0x080002cc                HardFault_Handler
 *fill*         0x08000324        0xc 
 .text          0x08000330       0xa0 C:/ST/STM32CubeIDE_1.19.0/STM32CubeIDE/plugins/com.st.stm32cube.ide.mcu.externaltools.gnu-tools-for-stm32.13.3.rel1.win32_1.0.0.202411081344/tools/bin/../lib/gcc/arm-none-eabi/13.3.1/../../../../arm-none-eabi/lib/thumb/v7e-m+fp/hard\libc_nano.a(libc_a-memchr.o)
                0x08000330                memchr
 .text          0x080003d0       0x10 C:/ST/STM32CubeIDE_1.19.0/STM32CubeIDE/plugins/com.st.stm32cube.ide.mcu.externaltools.gnu-tools-for-stm32.13.3.rel1.win32_1.0.0.202411081344/tools/bin/../lib/gcc/arm-none-eabi/13.3.1/../../../../arm-none-eabi/lib/thumb/v7e-m+fp/hard\libc_nano.a(libc_a-strlen.o)
                0x080003d0                strlen
 .text          0x080003e0      0x378 C:/ST/STM32CubeIDE_1.19.0/STM32CubeIDE/plugins/com.st.stm32cube.ide.mcu.externaltools.gnu-tools-for-stm32.13.3.rel1.win32_1.0.0.202411081344/tools/bin/../lib/gcc/arm-none-eabi/13.3.1/thumb/v7e-m+fp/hard\libgcc.a(_arm_addsubdf3.o)
                0x080003e0                __aeabi_drsub
                0x080003e8                __aeabi_dsub
                0x080003e8                __subdf3
                0x080003ec                __aeabi_dadd
                0x080003ec                __adddf3
                0x08000664                __floatunsidf
                0x08000664                __aeabi_ui2d
                0x08000684                __floatsidf
                0x08000684                __aeabi_i2d
                0x080006a8                __aeabi_f2d
                0x080006a8                __extendsfdf2
                0x080006ec                __floatundidf
                0x080006ec                __aeabi_ul2d
                0x080006fc                __floatdidf
                0x080006fc                __aeabi_l2d
 .text          0x08000758      0x424 C:/ST/STM32CubeIDE_1.19.0/STM32CubeIDE/plugins/com.st.stm32cube.ide.mcu.externaltools.gnu-tools-for-stm32.13.3.rel1.win32_1.0.0.202411081344/tools/bin/../lib/gcc/arm-none-eabi/13.3.1/thumb/v7e-m+fp/hard\libgcc.a(_arm_muldivdf3.o)
                0x08000758                __aeabi_dmul
                0x08000758                __muldf3
                0x080009ac                __divdf3
                0x080009ac                __aeabi_ddiv
 .text          0x08000b7c      0x110 C:/ST/STM32CubeIDE_1.19.0/STM32CubeIDE/plugins/com.st.stm32cube.ide.mcu.externaltools.gnu-tools-for-stm32.13.3.rel1.win32_1.0.0.202411081344/tools/bin/../lib/gcc/arm-none-eabi/13.3.1/thumb/v7e-m+fp/hard\libgcc.a(_arm_cmpdf2.o)
                0x08000b7c                __gtdf2
                0x08000b7c                __gedf2
                0x08000b84                __ltdf2
                0x08000b84                __ledf2
                0x08000b8c                __nedf2
                0x08000b8c                __eqdf2
                0x08000b8c                __cmpdf2
                0x08000c08                __aeabi_cdrcmple
                0x08000c18                __aeabi_cdcmpeq
                0x08000c18                __aeabi_cdcmple
                0x08000c28                __aeabi_dcmpeq
                0x08000c3c                __aeabi_dcmplt
                0x08000c50                __aeabi_dcmple
                0x08000c64                __aeabi_dcmpge
                0x08000c78                __aeabi_dcmpgt
 .text          0x08000c8c       0x2c C:/ST/STM32CubeIDE_1.19.0/STM32CubeIDE/plugins/com.st.stm32cube.ide.mcu.externaltools.gnu-tools-for-stm32.13.3.rel1.win32_1.0.0.202411081344/tools/bin/../lib/gcc/arm-none-eabi/13.3.1/thumb/v7e-m+fp/hard\libgcc.a(_arm_unorddf2.o)
                0x08000c8c                __unorddf2
                0x08000c8c                __aeabi_dcmpun
 .text          0x08000cb8       0x50 C:/ST/STM32CubeIDE_1.19.0/STM32CubeIDE/plugins/com.st.stm32cube.ide.mcu.externaltools.gnu-tools-for-stm32.13.3.rel1.win32_1.0.0.202411081344/tools/bin/../lib/gcc/arm-none-eabi/13.3.1/thumb/v7e-m+fp/hard\libgcc.a(_arm_fixdfsi.o)
                0x08000cb8                __aeabi_d2iz
                0x08000cb8                __fixdfsi
 .text          0x08000d08       0x30 C:/ST/STM32CubeIDE_1.19.0/STM32CubeIDE/plugins/com.st.stm32cube.ide.mcu.externaltools.gnu-tools-for-stm32.13.3.rel1.win32_1.0.0.202411081344/tools/bin/../lib/gcc/arm-none-eabi/13.3.1/thumb/v7e-m+fp/hard\libgcc.a(_aeabi_uldivmod.o)
                0x08000d08                __aeabi_uldivmod
 .text          0x08000d38      0x2f8 C:/ST/STM32CubeIDE_1.19.0/STM32CubeIDE/plugins/com.st.stm32cube.ide.mcu.externaltools.gnu-tools-for-stm32.13.3.rel1.win32_1.0.0.202411081344/tools/bin/../lib/gcc/arm-none-eabi/13.3.1/thumb/v7e-m+fp/hard\libgcc.a(_udivmoddi4.o)
                0x08000d38                __udivmoddi4
 .text          0x08001030        0x4 C:/ST/STM32CubeIDE_1.19.0/STM32CubeIDE/plugins/com.st.stm32cube.ide.mcu.externaltools.gnu-tools-for-stm32.13.3.rel1.win32_1.0.0.202411081344/tools/bin/../lib/gcc/arm-none-eabi/13.3.1/thumb/v7e-m+fp/hard\libgcc.a(_dvmd_tls.o)
                0x08001030                __aeabi_idiv0
                0x08001030                __aeabi_ldiv0
 *(.text*)
 .text.HAL_I2C_MasterTxCpltCallback
                0x08001034       0x40 ./Core/Src/main.o
                0x08001034                HAL_I2C_MasterTxCpltCallback
 .text.HAL_I2C_MasterRxCpltCallback
                0x08001074       0x40 ./Core/Src/main.o
                0x08001074                HAL_I2C_MasterRxCpltCallback
 .text.HAL_I2C_ErrorCallback
                0x080010b4       0x40 ./Core/Src/main.o
                0x080010b4                HAL_I2C_ErrorCallback
 .text.ads1_write_reg
                0x080010f4       0x54 ./Core/Src/main.o
 .text.ads1_read_reg
                0x08001148       0xa4 ./Core/Src/main.o
 .text.ads2_write_reg
                0x080011ec       0x54 ./Core/Src/main.o
 .text.ads2_read_reg
                0x08001240       0xa4 ./Core/Src/main.o
 .text.ads1_thread_entry
                0x080012e4      0x120 ./Core/Src/main.o
 .text.ads2_thread_entry
                0x08001404      0x120 ./Core/Src/main.o
 .text.main     0x08001524      0x114 ./Core/Src/main.o
                0x08001524                main
 .text.SystemClock_Config
                0x08001638       0xbc ./Core/Src/main.o
                0x08001638                SystemClock_Config
 .text.MX_I2C1_Init
                0x080016f4       0x5c ./Core/Src/main.o
 .text.MX_I2C2_Init
                0x08001750       0x5c ./Core/Src/main.o
 .text.MX_USART2_UART_Init
                0x080017ac       0x54 ./Core/Src/main.o
 .text.MX_USART6_UART_Init
                0x08001800       0x54 ./Core/Src/main.o
 .text.MX_DMA_Init
                0x08001854       0x70 ./Core/Src/main.o
 .text.MX_GPIO_Init
                0x080018c4       0xc0 ./Core/Src/main.o
 .text.Error_Handler
                0x08001984        0xc ./Core/Src/main.o
                0x08001984                Error_Handler
 .text.__io_putchar
                0x08001990       0x38 ./Core/Src/retarget.o
                0x08001990                __io_putchar
 .text.__io_getchar
                0x080019c8       0x2c ./Core/Src/retarget.o
                0x080019c8                __io_getchar
 .text.HAL_MspInit
                0x080019f4       0x50 ./Core/Src/stm32f4xx_hal_msp.o
                0x080019f4                HAL_MspInit
 .text.HAL_I2C_MspInit
                0x08001a44      0x2fc ./Core/Src/stm32f4xx_hal_msp.o
                0x08001a44                HAL_I2C_MspInit
 .text.HAL_UART_MspInit
                0x08001d40       0xfc ./Core/Src/stm32f4xx_hal_msp.o
                0x08001d40                HAL_UART_MspInit
 .text.NMI_Handler
                0x08001e3c        0x8 ./Core/Src/stm32f4xx_it.o
                0x08001e3c                NMI_Handler
 .text.MemManage_Handler
                0x08001e44        0x8 ./Core/Src/stm32f4xx_it.o
                0x08001e44                MemManage_Handler
 .text.BusFault_Handler
                0x08001e4c        0x8 ./Core/Src/stm32f4xx_it.o
                0x08001e4c                BusFault_Handler
 .text.UsageFault_Handler
                0x08001e54        0x8 ./Core/Src/stm32f4xx_it.o
                0x08001e54                UsageFault_Handler
 .text.DebugMon_Handler
                0x08001e5c        0xe ./Core/Src/stm32f4xx_it.o
                0x08001e5c                DebugMon_Handler
 .text.EXTI0_IRQHandler
                0x08001e6a        0xe ./Core/Src/stm32f4xx_it.o
                0x08001e6a                EXTI0_IRQHandler
 .text.DMA1_Stream0_IRQHandler
                0x08001e78       0x14 ./Core/Src/stm32f4xx_it.o
                0x08001e78                DMA1_Stream0_IRQHandler
 .text.DMA1_Stream1_IRQHandler
                0x08001e8c       0x14 ./Core/Src/stm32f4xx_it.o
                0x08001e8c                DMA1_Stream1_IRQHandler
 .text.DMA1_Stream2_IRQHandler
                0x08001ea0       0x14 ./Core/Src/stm32f4xx_it.o
                0x08001ea0                DMA1_Stream2_IRQHandler
 .text.I2C1_EV_IRQHandler
                0x08001eb4       0x14 ./Core/Src/stm32f4xx_it.o
                0x08001eb4                I2C1_EV_IRQHandler
 .text.I2C1_ER_IRQHandler
                0x08001ec8       0x14 ./Core/Src/stm32f4xx_it.o
                0x08001ec8                I2C1_ER_IRQHandler
 .text.I2C2_EV_IRQHandler
                0x08001edc       0x14 ./Core/Src/stm32f4xx_it.o
                0x08001edc                I2C2_EV_IRQHandler
 .text.I2C2_ER_IRQHandler
                0x08001ef0       0x14 ./Core/Src/stm32f4xx_it.o
                0x08001ef0                I2C2_ER_IRQHandler
 .text.DMA1_Stream7_IRQHandler
                0x08001f04       0x14 ./Core/Src/stm32f4xx_it.o
                0x08001f04                DMA1_Stream7_IRQHandler
 .text._getpid  0x08001f18       0x10 ./Core/Src/syscalls.o
                0x08001f18                _getpid
 .text._kill    0x08001f28       0x20 ./Core/Src/syscalls.o
                0x08001f28                _kill
 .text._exit    0x08001f48       0x16 ./Core/Src/syscalls.o
                0x08001f48                _exit
 .text._read    0x08001f5e       0x3a ./Core/Src/syscalls.o
                0x08001f5e                _read
 .text._write   0x08001f98       0x38 ./Core/Src/syscalls.o
                0x08001f98                _write
 .text._close   0x08001fd0       0x18 ./Core/Src/syscalls.o
                0x08001fd0                _close
 .text._fstat   0x08001fe8       0x20 ./Core/Src/syscalls.o
                0x08001fe8                _fstat
 .text._isatty  0x08002008       0x16 ./Core/Src/syscalls.o
                0x08002008                _isatty
 .text._lseek   0x0800201e       0x1a ./Core/Src/syscalls.o
                0x0800201e                _lseek
 .text._sbrk    0x08002038       0x6c ./Core/Src/sysmem.o
                0x08002038                _sbrk
 .text.SystemInit
                0x080020a4       0x24 ./Core/Src/system_stm32f4xx.o
                0x080020a4                SystemInit
 .text.Reset_Handler
                0x080020c8       0x50 ./Core/Startup/startup_stm32f411vetx.o
                0x080020c8                Reset_Handler
 .text.Default_Handler
                0x08002118        0x2 ./Core/Startup/startup_stm32f411vetx.o
                0x08002118                RTC_Alarm_IRQHandler
                0x08002118                EXTI2_IRQHandler
                0x08002118                SPI4_IRQHandler
                0x08002118                TIM1_CC_IRQHandler
                0x08002118                DMA2_Stream5_IRQHandler
                0x08002118                DMA1_Stream5_IRQHandler
                0x08002118                PVD_IRQHandler
                0x08002118                SDIO_IRQHandler
                0x08002118                TAMP_STAMP_IRQHandler
                0x08002118                EXTI3_IRQHandler
                0x08002118                TIM1_UP_TIM10_IRQHandler
                0x08002118                I2C3_ER_IRQHandler
                0x08002118                FPU_IRQHandler
                0x08002118                DMA2_Stream2_IRQHandler
                0x08002118                SPI1_IRQHandler
                0x08002118                TIM1_BRK_TIM9_IRQHandler
                0x08002118                DMA2_Stream3_IRQHandler
                0x08002118                USART6_IRQHandler
                0x08002118                DMA2_Stream0_IRQHandler
                0x08002118                TIM4_IRQHandler
                0x08002118                DMA1_Stream6_IRQHandler
                0x08002118                TIM3_IRQHandler
                0x08002118                RCC_IRQHandler
                0x08002118                Default_Handler
                0x08002118                EXTI15_10_IRQHandler
                0x08002118                ADC_IRQHandler
                0x08002118                SPI5_IRQHandler
                0x08002118                TIM5_IRQHandler
                0x08002118                DMA2_Stream7_IRQHandler
                0x08002118                I2C3_EV_IRQHandler
                0x08002118                EXTI9_5_IRQHandler
                0x08002118                RTC_WKUP_IRQHandler
                0x08002118                SPI2_IRQHandler
                0x08002118                SVC_Handler
                0x08002118                EXTI4_IRQHandler
                0x08002118                WWDG_IRQHandler
                0x08002118                TIM2_IRQHandler
                0x08002118                OTG_FS_WKUP_IRQHandler
                0x08002118                TIM1_TRG_COM_TIM11_IRQHandler
                0x08002118                EXTI1_IRQHandler
                0x08002118                USART2_IRQHandler
                0x08002118                DMA2_Stream1_IRQHandler
                0x08002118                FLASH_IRQHandler
                0x08002118                DMA2_Stream4_IRQHandler
                0x08002118                USART1_IRQHandler
                0x08002118                OTG_FS_IRQHandler
                0x08002118                SPI3_IRQHandler
                0x08002118                DMA1_Stream4_IRQHandler
                0x08002118                DMA2_Stream6_IRQHandler
                0x08002118                DMA1_Stream3_IRQHandler
 *fill*         0x0800211a        0x2 
 .text.HAL_Init
                0x0800211c       0x44 ./Drivers/STM32F4xx_HAL_Driver/Src/stm32f4xx_hal.o
                0x0800211c                HAL_Init
 .text.HAL_InitTick
                0x08002160       0x60 ./Drivers/STM32F4xx_HAL_Driver/Src/stm32f4xx_hal.o
                0x08002160                HAL_InitTick
 .text.HAL_GetTick
                0x080021c0       0x18 ./Drivers/STM32F4xx_HAL_Driver/Src/stm32f4xx_hal.o
                0x080021c0                HAL_GetTick
 .text.__NVIC_SetPriorityGrouping
                0x080021d8       0x48 ./Drivers/STM32F4xx_HAL_Driver/Src/stm32f4xx_hal_cortex.o
 .text.__NVIC_GetPriorityGrouping
                0x08002220       0x1c ./Drivers/STM32F4xx_HAL_Driver/Src/stm32f4xx_hal_cortex.o
 .text.__NVIC_EnableIRQ
                0x0800223c       0x3c ./Drivers/STM32F4xx_HAL_Driver/Src/stm32f4xx_hal_cortex.o
 .text.__NVIC_SetPriority
                0x08002278       0x54 ./Drivers/STM32F4xx_HAL_Driver/Src/stm32f4xx_hal_cortex.o
 .text.NVIC_EncodePriority
                0x080022cc       0x66 ./Drivers/STM32F4xx_HAL_Driver/Src/stm32f4xx_hal_cortex.o
 *fill*         0x08002332        0x2 
 .text.SysTick_Config
                0x08002334       0x44 ./Drivers/STM32F4xx_HAL_Driver/Src/stm32f4xx_hal_cortex.o
 .text.HAL_NVIC_SetPriorityGrouping
                0x08002378       0x16 ./Drivers/STM32F4xx_HAL_Driver/Src/stm32f4xx_hal_cortex.o
                0x08002378                HAL_NVIC_SetPriorityGrouping
 .text.HAL_NVIC_SetPriority
                0x0800238e       0x38 ./Drivers/STM32F4xx_HAL_Driver/Src/stm32f4xx_hal_cortex.o
                0x0800238e                HAL_NVIC_SetPriority
 .text.HAL_NVIC_EnableIRQ
                0x080023c6       0x1c ./Drivers/STM32F4xx_HAL_Driver/Src/stm32f4xx_hal_cortex.o
                0x080023c6                HAL_NVIC_EnableIRQ
 .text.HAL_SYSTICK_Config
                0x080023e2       0x18 ./Drivers/STM32F4xx_HAL_Driver/Src/stm32f4xx_hal_cortex.o
                0x080023e2                HAL_SYSTICK_Config
 *fill*         0x080023fa        0x2 
 .text.HAL_DMA_Init
                0x080023fc      0x15c ./Drivers/STM32F4xx_HAL_Driver/Src/stm32f4xx_hal_dma.o
                0x080023fc                HAL_DMA_Init
 .text.HAL_DMA_Start_IT
                0x08002558       0xb0 ./Drivers/STM32F4xx_HAL_Driver/Src/stm32f4xx_hal_dma.o
                0x08002558                HAL_DMA_Start_IT
 .text.HAL_DMA_Abort_IT
                0x08002608       0x44 ./Drivers/STM32F4xx_HAL_Driver/Src/stm32f4xx_hal_dma.o
                0x08002608                HAL_DMA_Abort_IT
 .text.HAL_DMA_IRQHandler
                0x0800264c      0x314 ./Drivers/STM32F4xx_HAL_Driver/Src/stm32f4xx_hal_dma.o
                0x0800264c                HAL_DMA_IRQHandler
 .text.HAL_DMA_GetState
                0x08002960       0x1c ./Drivers/STM32F4xx_HAL_Driver/Src/stm32f4xx_hal_dma.o
                0x08002960                HAL_DMA_GetState
 .text.HAL_DMA_GetError
                0x0800297c       0x18 ./Drivers/STM32F4xx_HAL_Driver/Src/stm32f4xx_hal_dma.o
                0x0800297c                HAL_DMA_GetError
 .text.DMA_SetConfig
                0x08002994       0x5c ./Drivers/STM32F4xx_HAL_Driver/Src/stm32f4xx_hal_dma.o
 .text.DMA_CalcBaseAndBitshift
                0x080029f0       0x6c ./Drivers/STM32F4xx_HAL_Driver/Src/stm32f4xx_hal_dma.o
 .text.DMA_CheckFifoParam
                0x08002a5c       0xf8 ./Drivers/STM32F4xx_HAL_Driver/Src/stm32f4xx_hal_dma.o
 .text.HAL_GPIO_Init
                0x08002b54      0x308 ./Drivers/STM32F4xx_HAL_Driver/Src/stm32f4xx_hal_gpio.o
                0x08002b54                HAL_GPIO_Init
 .text.HAL_GPIO_EXTI_IRQHandler
                0x08002e5c       0x30 ./Drivers/STM32F4xx_HAL_Driver/Src/stm32f4xx_hal_gpio.o
                0x08002e5c                HAL_GPIO_EXTI_IRQHandler
 .text.HAL_GPIO_EXTI_Callback
                0x08002e8c       0x16 ./Drivers/STM32F4xx_HAL_Driver/Src/stm32f4xx_hal_gpio.o
                0x08002e8c                HAL_GPIO_EXTI_Callback
 *fill*         0x08002ea2        0x2 
 .text.HAL_I2C_Init
                0x08002ea4      0x288 ./Drivers/STM32F4xx_HAL_Driver/Src/stm32f4xx_hal_i2c.o
                0x08002ea4                HAL_I2C_Init
 .text.I2C_Flush_DR
                0x0800312c       0x2a ./Drivers/STM32F4xx_HAL_Driver/Src/stm32f4xx_hal_i2c.o
 *fill*         0x08003156        0x2 
 .text.HAL_I2C_Master_Transmit_DMA
                0x08003158      0x258 ./Drivers/STM32F4xx_HAL_Driver/Src/stm32f4xx_hal_i2c.o
                0x08003158                HAL_I2C_Master_Transmit_DMA
 .text.HAL_I2C_Master_Receive_DMA
                0x080033b0      0x258 ./Drivers/STM32F4xx_HAL_Driver/Src/stm32f4xx_hal_i2c.o
                0x080033b0                HAL_I2C_Master_Receive_DMA
 .text.HAL_I2C_EV_IRQHandler
                0x08003608      0x2e2 ./Drivers/STM32F4xx_HAL_Driver/Src/stm32f4xx_hal_i2c.o
                0x08003608                HAL_I2C_EV_IRQHandler
 .text.HAL_I2C_ER_IRQHandler
                0x080038ea      0x14e ./Drivers/STM32F4xx_HAL_Driver/Src/stm32f4xx_hal_i2c.o
                0x080038ea                HAL_I2C_ER_IRQHandler
 .text.HAL_I2C_SlaveTxCpltCallback
                0x08003a38       0x14 ./Drivers/STM32F4xx_HAL_Driver/Src/stm32f4xx_hal_i2c.o
                0x08003a38                HAL_I2C_SlaveTxCpltCallback
 .text.HAL_I2C_SlaveRxCpltCallback
                0x08003a4c       0x14 ./Drivers/STM32F4xx_HAL_Driver/Src/stm32f4xx_hal_i2c.o
                0x08003a4c                HAL_I2C_SlaveRxCpltCallback
 .text.HAL_I2C_AddrCallback
                0x08003a60       0x1c ./Drivers/STM32F4xx_HAL_Driver/Src/stm32f4xx_hal_i2c.o
                0x08003a60                HAL_I2C_AddrCallback
 .text.HAL_I2C_ListenCpltCallback
                0x08003a7c       0x14 ./Drivers/STM32F4xx_HAL_Driver/Src/stm32f4xx_hal_i2c.o
                0x08003a7c                HAL_I2C_ListenCpltCallback
 .text.HAL_I2C_MemTxCpltCallback
                0x08003a90       0x14 ./Drivers/STM32F4xx_HAL_Driver/Src/stm32f4xx_hal_i2c.o
                0x08003a90                HAL_I2C_MemTxCpltCallback
 .text.HAL_I2C_MemRxCpltCallback
                0x08003aa4       0x14 ./Drivers/STM32F4xx_HAL_Driver/Src/stm32f4xx_hal_i2c.o
                0x08003aa4                HAL_I2C_MemRxCpltCallback
 .text.HAL_I2C_AbortCpltCallback
                0x08003ab8       0x14 ./Drivers/STM32F4xx_HAL_Driver/Src/stm32f4xx_hal_i2c.o
                0x08003ab8                HAL_I2C_AbortCpltCallback
 .text.I2C_MasterTransmit_TXE
                0x08003acc      0x138 ./Drivers/STM32F4xx_HAL_Driver/Src/stm32f4xx_hal_i2c.o
 .text.I2C_MasterTransmit_BTF
                0x08003c04       0xec ./Drivers/STM32F4xx_HAL_Driver/Src/stm32f4xx_hal_i2c.o
 .text.I2C_MemoryTransmit_TXE_BTF
                0x08003cf0      0x130 ./Drivers/STM32F4xx_HAL_Driver/Src/stm32f4xx_hal_i2c.o
 .text.I2C_MasterReceive_RXNE
                0x08003e20      0x190 ./Drivers/STM32F4xx_HAL_Driver/Src/stm32f4xx_hal_i2c.o
 .text.I2C_MasterReceive_BTF
                0x08003fb0      0x1e2 ./Drivers/STM32F4xx_HAL_Driver/Src/stm32f4xx_hal_i2c.o
 .text.I2C_Master_SB
                0x08004192      0x10c ./Drivers/STM32F4xx_HAL_Driver/Src/stm32f4xx_hal_i2c.o
 .text.I2C_Master_ADD10
                0x0800429e       0x54 ./Drivers/STM32F4xx_HAL_Driver/Src/stm32f4xx_hal_i2c.o
 .text.I2C_Master_ADDR
                0x080042f2      0x322 ./Drivers/STM32F4xx_HAL_Driver/Src/stm32f4xx_hal_i2c.o
 .text.I2C_SlaveTransmit_TXE
                0x08004614       0x7a ./Drivers/STM32F4xx_HAL_Driver/Src/stm32f4xx_hal_i2c.o
 .text.I2C_SlaveTransmit_BTF
                0x0800468e       0x42 ./Drivers/STM32F4xx_HAL_Driver/Src/stm32f4xx_hal_i2c.o
 .text.I2C_SlaveReceive_RXNE
                0x080046d0       0x7c ./Drivers/STM32F4xx_HAL_Driver/Src/stm32f4xx_hal_i2c.o
 .text.I2C_SlaveReceive_BTF
                0x0800474c       0x44 ./Drivers/STM32F4xx_HAL_Driver/Src/stm32f4xx_hal_i2c.o
 .text.I2C_Slave_ADDR
                0x08004790       0x94 ./Drivers/STM32F4xx_HAL_Driver/Src/stm32f4xx_hal_i2c.o
 .text.I2C_Slave_STOPF
                0x08004824      0x260 ./Drivers/STM32F4xx_HAL_Driver/Src/stm32f4xx_hal_i2c.o
 .text.I2C_Slave_AF
                0x08004a84       0xe8 ./Drivers/STM32F4xx_HAL_Driver/Src/stm32f4xx_hal_i2c.o
 .text.I2C_ITError
                0x08004b6c      0x264 ./Drivers/STM32F4xx_HAL_Driver/Src/stm32f4xx_hal_i2c.o
 .text.I2C_DMAXferCplt
                0x08004dd0      0x1be ./Drivers/STM32F4xx_HAL_Driver/Src/stm32f4xx_hal_i2c.o
 .text.I2C_DMAError
                0x08004f8e       0x7a ./Drivers/STM32F4xx_HAL_Driver/Src/stm32f4xx_hal_i2c.o
 .text.I2C_DMAAbort
                0x08005008      0x150 ./Drivers/STM32F4xx_HAL_Driver/Src/stm32f4xx_hal_i2c.o
 .text.I2C_WaitOnSTOPRequestThroughIT
                0x08005158       0x64 ./Drivers/STM32F4xx_HAL_Driver/Src/stm32f4xx_hal_i2c.o
 .text.I2C_ConvertOtherXferOptions
                0x080051bc       0x36 ./Drivers/STM32F4xx_HAL_Driver/Src/stm32f4xx_hal_i2c.o
 *fill*         0x080051f2        0x2 
 .text.HAL_RCC_OscConfig
                0x080051f4      0x4f0 ./Drivers/STM32F4xx_HAL_Driver/Src/stm32f4xx_hal_rcc.o
                0x080051f4                HAL_RCC_OscConfig
 .text.HAL_RCC_ClockConfig
                0x080056e4      0x1cc ./Drivers/STM32F4xx_HAL_Driver/Src/stm32f4xx_hal_rcc.o
                0x080056e4                HAL_RCC_ClockConfig
 .text.HAL_RCC_GetSysClockFreq
                0x080058b0      0x18c ./Drivers/STM32F4xx_HAL_Driver/Src/stm32f4xx_hal_rcc.o
                0x080058b0                HAL_RCC_GetSysClockFreq
 .text.HAL_RCC_GetHCLKFreq
                0x08005a3c       0x18 ./Drivers/STM32F4xx_HAL_Driver/Src/stm32f4xx_hal_rcc.o
                0x08005a3c                HAL_RCC_GetHCLKFreq
 .text.HAL_RCC_GetPCLK1Freq
                0x08005a54       0x28 ./Drivers/STM32F4xx_HAL_Driver/Src/stm32f4xx_hal_rcc.o
                0x08005a54                HAL_RCC_GetPCLK1Freq
 .text.HAL_RCC_GetPCLK2Freq
                0x08005a7c       0x28 ./Drivers/STM32F4xx_HAL_Driver/Src/stm32f4xx_hal_rcc.o
                0x08005a7c                HAL_RCC_GetPCLK2Freq
 .text.HAL_UART_Init
                0x08005aa4       0xa0 ./Drivers/STM32F4xx_HAL_Driver/Src/stm32f4xx_hal_uart.o
                0x08005aa4                HAL_UART_Init
 .text.HAL_UART_Transmit
                0x08005b44      0x116 ./Drivers/STM32F4xx_HAL_Driver/Src/stm32f4xx_hal_uart.o
                0x08005b44                HAL_UART_Transmit
 .text.HAL_UART_Receive
                0x08005c5a      0x12e ./Drivers/STM32F4xx_HAL_Driver/Src/stm32f4xx_hal_uart.o
                0x08005c5a                HAL_UART_Receive
 .text.UART_WaitOnFlagUntilTimeout
                0x08005d88       0xb2 ./Drivers/STM32F4xx_HAL_Driver/Src/stm32f4xx_hal_uart.o
 .text.UART_EndRxTransfer
                0x08005e3a       0xc6 ./Drivers/STM32F4xx_HAL_Driver/Src/stm32f4xx_hal_uart.o
 .text.UART_SetConfig
                0x08005f00      0x4e8 ./Drivers/STM32F4xx_HAL_Driver/Src/stm32f4xx_hal_uart.o
 .text.SysTick_Handler
                0x080063e8       0x14 ./Middlewares/Third_Party/RealThread_RTOS_RT-Thread/bsp/_template/cubemx_config/board.o
                0x080063e8                SysTick_Handler
 .text.rt_hw_console_output
                0x080063fc       0x70 ./Middlewares/Third_Party/RealThread_RTOS_RT-Thread/bsp/_template/cubemx_config/board.o
                0x080063fc                rt_hw_console_output
 .text.object_split
                0x0800646c       0x28 ./Middlewares/Third_Party/RealThread_RTOS_RT-Thread/components/finsh/src/cmd.o
 .text.list_find_init
                0x08006494       0x46 ./Middlewares/Third_Party/RealThread_RTOS_RT-Thread/components/finsh/src/cmd.o
 .text.list_get_next
                0x080064da       0xc0 ./Middlewares/Third_Party/RealThread_RTOS_RT-Thread/components/finsh/src/cmd.o
 *fill*         0x0800659a        0x2 
 .text.list_thread
                0x0800659c      0x210 ./Middlewares/Third_Party/RealThread_RTOS_RT-Thread/components/finsh/src/cmd.o
                0x0800659c                list_thread
 .text.rt_hw_stack_init
                0x080067ac       0x90 ./Middlewares/Third_Party/RealThread_RTOS_RT-Thread/libcpu/arm/cortex-m4/cpuport.o
                0x080067ac                rt_hw_stack_init
 .text.usage_fault_track
                0x0800683c       0xc4 ./Middlewares/Third_Party/RealThread_RTOS_RT-Thread/libcpu/arm/cortex-m4/cpuport.o
 .text.bus_fault_track
                0x08006900       0xcc ./Middlewares/Third_Party/RealThread_RTOS_RT-Thread/libcpu/arm/cortex-m4/cpuport.o
 .text.mem_manage_fault_track
                0x080069cc       0xb4 ./Middlewares/Third_Party/RealThread_RTOS_RT-Thread/libcpu/arm/cortex-m4/cpuport.o
 .text.hard_fault_track
                0x08006a80       0x78 ./Middlewares/Third_Party/RealThread_RTOS_RT-Thread/libcpu/arm/cortex-m4/cpuport.o
 .text.rt_hw_hard_fault_exception
                0x08006af8      0x184 ./Middlewares/Third_Party/RealThread_RTOS_RT-Thread/libcpu/arm/cortex-m4/cpuport.o
                0x08006af8                rt_hw_hard_fault_exception
 .text.rt_tick_get
                0x08006c7c       0x18 ./Middlewares/Third_Party/RealThread_RTOS_RT-Thread/src/clock.o
                0x08006c7c                rt_tick_get
 .text.rt_tick_increase
                0x08006c94       0x6c ./Middlewares/Third_Party/RealThread_RTOS_RT-Thread/src/clock.o
                0x08006c94                rt_tick_increase
 .text.rt_tick_from_millisecond
                0x08006d00       0x78 ./Middlewares/Third_Party/RealThread_RTOS_RT-Thread/src/clock.o
                0x08006d00                rt_tick_from_millisecond
 .text.rt_list_insert_after
                0x08006d78       0x32 ./Middlewares/Third_Party/RealThread_RTOS_RT-Thread/src/idle.o
 .text.rt_list_remove
                0x08006daa       0x36 ./Middlewares/Third_Party/RealThread_RTOS_RT-Thread/src/idle.o
 .text.rt_thread_defunct_enqueue
                0x08006de0       0x20 ./Middlewares/Third_Party/RealThread_RTOS_RT-Thread/src/idle.o
                0x08006de0                rt_thread_defunct_enqueue
 .text.rt_thread_defunct_dequeue
                0x08006e00       0x44 ./Middlewares/Third_Party/RealThread_RTOS_RT-Thread/src/idle.o
                0x08006e00                rt_thread_defunct_dequeue
 .text.rt_defunct_execute
                0x08006e44       0x44 ./Middlewares/Third_Party/RealThread_RTOS_RT-Thread/src/idle.o
 .text.rt_thread_idle_entry
                0x08006e88       0x38 ./Middlewares/Third_Party/RealThread_RTOS_RT-Thread/src/idle.o
 .text.rt_thread_idle_init
                0x08006ec0       0x84 ./Middlewares/Third_Party/RealThread_RTOS_RT-Thread/src/idle.o
                0x08006ec0                rt_thread_idle_init
 .text.rt_list_init
                0x08006f44       0x22 ./Middlewares/Third_Party/RealThread_RTOS_RT-Thread/src/ipc.o
 .text.rt_list_insert_before
                0x08006f66       0x32 ./Middlewares/Third_Party/RealThread_RTOS_RT-Thread/src/ipc.o
 .text.rt_list_isempty
                0x08006f98       0x24 ./Middlewares/Third_Party/RealThread_RTOS_RT-Thread/src/ipc.o
 .text._ipc_object_init
                0x08006fbc       0x1c ./Middlewares/Third_Party/RealThread_RTOS_RT-Thread/src/ipc.o
 .text._ipc_list_suspend
                0x08006fd8       0x8e ./Middlewares/Third_Party/RealThread_RTOS_RT-Thread/src/ipc.o
 .text._ipc_list_resume
                0x08007066       0x20 ./Middlewares/Third_Party/RealThread_RTOS_RT-Thread/src/ipc.o
 .text.rt_sem_init
                0x08007086       0x3a ./Middlewares/Third_Party/RealThread_RTOS_RT-Thread/src/ipc.o
                0x08007086                rt_sem_init
 .text.rt_sem_take
                0x080070c0       0x9c ./Middlewares/Third_Party/RealThread_RTOS_RT-Thread/src/ipc.o
                0x080070c0                rt_sem_take
 .text.rt_sem_release
                0x0800715c       0x72 ./Middlewares/Third_Party/RealThread_RTOS_RT-Thread/src/ipc.o
                0x0800715c                rt_sem_release
 *fill*         0x080071ce        0x2 
 .text.rt_interrupt_enter
                0x080071d0       0x2c ./Middlewares/Third_Party/RealThread_RTOS_RT-Thread/src/irq.o
                0x080071d0                rt_interrupt_enter
 .text.rt_interrupt_leave
                0x080071fc       0x2c ./Middlewares/Third_Party/RealThread_RTOS_RT-Thread/src/irq.o
                0x080071fc                rt_interrupt_leave
 .text.rt_strerror
                0x08007228       0x38 ./Middlewares/Third_Party/RealThread_RTOS_RT-Thread/src/kservice.o
                0x08007228                rt_strerror
 .text.rt_memset
                0x08007260       0xb6 ./Middlewares/Third_Party/RealThread_RTOS_RT-Thread/src/kservice.o
                0x08007260                rt_memset
 .text.rt_memcpy
                0x08007316       0xd2 ./Middlewares/Third_Party/RealThread_RTOS_RT-Thread/src/kservice.o
                0x08007316                rt_memcpy
 .text.rt_strncpy
                0x080073e8       0x64 ./Middlewares/Third_Party/RealThread_RTOS_RT-Thread/src/kservice.o
                0x080073e8                rt_strncpy
 .text.rt_strlen
                0x0800744c       0x2e ./Middlewares/Third_Party/RealThread_RTOS_RT-Thread/src/kservice.o
                0x0800744c                rt_strlen
 *fill*         0x0800747a        0x2 
 .text.divide   0x0800747c       0x68 ./Middlewares/Third_Party/RealThread_RTOS_RT-Thread/src/kservice.o
 .text.skip_atoi
                0x080074e4       0x46 ./Middlewares/Third_Party/RealThread_RTOS_RT-Thread/src/kservice.o
 *fill*         0x0800752a        0x2 
 .text.print_number
                0x0800752c      0x1fc ./Middlewares/Third_Party/RealThread_RTOS_RT-Thread/src/kservice.o
 .text.rt_vsnprintf
                0x08007728      0x4ac ./Middlewares/Third_Party/RealThread_RTOS_RT-Thread/src/kservice.o
                0x08007728                rt_vsnprintf
 .text.rt_vsprintf
                0x08007bd4       0x24 ./Middlewares/Third_Party/RealThread_RTOS_RT-Thread/src/kservice.o
                0x08007bd4                rt_vsprintf
 .text.rt_sprintf
                0x08007bf8       0x2c ./Middlewares/Third_Party/RealThread_RTOS_RT-Thread/src/kservice.o
                0x08007bf8                rt_sprintf
 .text.rt_kprintf
                0x08007c24       0x44 ./Middlewares/Third_Party/RealThread_RTOS_RT-Thread/src/kservice.o
                0x08007c24                rt_kprintf
 .text.__rt_ffs
                0x08007c68       0x70 ./Middlewares/Third_Party/RealThread_RTOS_RT-Thread/src/kservice.o
                0x08007c68                __rt_ffs
 .text.rt_list_insert_after
                0x08007cd8       0x32 ./Middlewares/Third_Party/RealThread_RTOS_RT-Thread/src/object.o
 .text.rt_list_remove
                0x08007d0a       0x36 ./Middlewares/Third_Party/RealThread_RTOS_RT-Thread/src/object.o
 .text.rt_object_get_information
                0x08007d40       0x48 ./Middlewares/Third_Party/RealThread_RTOS_RT-Thread/src/object.o
                0x08007d40                rt_object_get_information
 .text.rt_object_init
                0x08007d88       0x7e ./Middlewares/Third_Party/RealThread_RTOS_RT-Thread/src/object.o
                0x08007d88                rt_object_init
 .text.rt_object_detach
                0x08007e06       0x2c ./Middlewares/Third_Party/RealThread_RTOS_RT-Thread/src/object.o
                0x08007e06                rt_object_detach
 .text.rt_object_is_systemobject
                0x08007e32       0x24 ./Middlewares/Third_Party/RealThread_RTOS_RT-Thread/src/object.o
                0x08007e32                rt_object_is_systemobject
 .text.rt_list_init
                0x08007e56       0x22 ./Middlewares/Third_Party/RealThread_RTOS_RT-Thread/src/scheduler.o
 .text.rt_list_insert_after
                0x08007e78       0x32 ./Middlewares/Third_Party/RealThread_RTOS_RT-Thread/src/scheduler.o
 .text.rt_list_insert_before
                0x08007eaa       0x32 ./Middlewares/Third_Party/RealThread_RTOS_RT-Thread/src/scheduler.o
 .text.rt_list_remove
                0x08007edc       0x36 ./Middlewares/Third_Party/RealThread_RTOS_RT-Thread/src/scheduler.o
 .text.rt_list_isempty
                0x08007f12       0x24 ./Middlewares/Third_Party/RealThread_RTOS_RT-Thread/src/scheduler.o
 *fill*         0x08007f36        0x2 
 .text._scheduler_get_highest_priority_thread
                0x08007f38       0x3c ./Middlewares/Third_Party/RealThread_RTOS_RT-Thread/src/scheduler.o
 .text.rt_system_scheduler_init
                0x08007f74       0x48 ./Middlewares/Third_Party/RealThread_RTOS_RT-Thread/src/scheduler.o
                0x08007f74                rt_system_scheduler_init
 .text.rt_system_scheduler_start
                0x08007fbc       0x3c ./Middlewares/Third_Party/RealThread_RTOS_RT-Thread/src/scheduler.o
                0x08007fbc                rt_system_scheduler_start
 .text.rt_schedule
                0x08007ff8      0x16c ./Middlewares/Third_Party/RealThread_RTOS_RT-Thread/src/scheduler.o
                0x08007ff8                rt_schedule
 .text.rt_schedule_insert_thread
                0x08008164       0xbc ./Middlewares/Third_Party/RealThread_RTOS_RT-Thread/src/scheduler.o
                0x08008164                rt_schedule_insert_thread
 .text.rt_schedule_remove_thread
                0x08008220       0x58 ./Middlewares/Third_Party/RealThread_RTOS_RT-Thread/src/scheduler.o
                0x08008220                rt_schedule_remove_thread
 .text.rt_enter_critical
                0x08008278       0x30 ./Middlewares/Third_Party/RealThread_RTOS_RT-Thread/src/scheduler.o
                0x08008278                rt_enter_critical
 .text.rt_exit_critical
                0x080082a8       0x58 ./Middlewares/Third_Party/RealThread_RTOS_RT-Thread/src/scheduler.o
                0x080082a8                rt_exit_critical
 .text.rt_list_init
                0x08008300       0x22 ./Middlewares/Third_Party/RealThread_RTOS_RT-Thread/src/thread.o
 .text.rt_list_remove
                0x08008322       0x36 ./Middlewares/Third_Party/RealThread_RTOS_RT-Thread/src/thread.o
 .text._thread_exit
                0x08008358       0x42 ./Middlewares/Third_Party/RealThread_RTOS_RT-Thread/src/thread.o
 .text._thread_timeout
                0x0800839a       0x3c ./Middlewares/Third_Party/RealThread_RTOS_RT-Thread/src/thread.o
 *fill*         0x080083d6        0x2 
 .text._thread_init
                0x080083d8       0xc0 ./Middlewares/Third_Party/RealThread_RTOS_RT-Thread/src/thread.o
 .text.rt_thread_init
                0x08008498       0x40 ./Middlewares/Third_Party/RealThread_RTOS_RT-Thread/src/thread.o
                0x08008498                rt_thread_init
 .text.rt_thread_self
                0x080084d8       0x18 ./Middlewares/Third_Party/RealThread_RTOS_RT-Thread/src/thread.o
                0x080084d8                rt_thread_self
 .text.rt_thread_startup
                0x080084f0       0x40 ./Middlewares/Third_Party/RealThread_RTOS_RT-Thread/src/thread.o
                0x080084f0                rt_thread_startup
 .text.rt_thread_sleep
                0x08008530       0x5e ./Middlewares/Third_Party/RealThread_RTOS_RT-Thread/src/thread.o
                0x08008530                rt_thread_sleep
 .text.rt_thread_mdelay
                0x0800858e       0x20 ./Middlewares/Third_Party/RealThread_RTOS_RT-Thread/src/thread.o
                0x0800858e                rt_thread_mdelay
 .text.rt_thread_suspend
                0x080085ae       0x68 ./Middlewares/Third_Party/RealThread_RTOS_RT-Thread/src/thread.o
                0x080085ae                rt_thread_suspend
 .text.rt_thread_resume
                0x08008616       0x4c ./Middlewares/Third_Party/RealThread_RTOS_RT-Thread/src/thread.o
                0x08008616                rt_thread_resume
 .text.rt_list_init
                0x08008662       0x22 ./Middlewares/Third_Party/RealThread_RTOS_RT-Thread/src/timer.o
 .text.rt_list_insert_after
                0x08008684       0x32 ./Middlewares/Third_Party/RealThread_RTOS_RT-Thread/src/timer.o
 .text.rt_list_remove
                0x080086b6       0x36 ./Middlewares/Third_Party/RealThread_RTOS_RT-Thread/src/timer.o
 .text.rt_list_isempty
                0x080086ec       0x24 ./Middlewares/Third_Party/RealThread_RTOS_RT-Thread/src/timer.o
 .text._timer_init
                0x08008710       0x6a ./Middlewares/Third_Party/RealThread_RTOS_RT-Thread/src/timer.o
 .text._timer_remove
                0x0800877a       0x36 ./Middlewares/Third_Party/RealThread_RTOS_RT-Thread/src/timer.o
 .text.rt_timer_init
                0x080087b0       0x32 ./Middlewares/Third_Party/RealThread_RTOS_RT-Thread/src/timer.o
                0x080087b0                rt_timer_init
 .text.rt_timer_detach
                0x080087e2       0x3a ./Middlewares/Third_Party/RealThread_RTOS_RT-Thread/src/timer.o
                0x080087e2                rt_timer_detach
 .text.rt_timer_start
                0x0800881c      0x184 ./Middlewares/Third_Party/RealThread_RTOS_RT-Thread/src/timer.o
                0x0800881c                rt_timer_start
 .text.rt_timer_stop
                0x080089a0       0x44 ./Middlewares/Third_Party/RealThread_RTOS_RT-Thread/src/timer.o
                0x080089a0                rt_timer_stop
 .text.rt_timer_control
                0x080089e4       0xa4 ./Middlewares/Third_Party/RealThread_RTOS_RT-Thread/src/timer.o
                0x080089e4                rt_timer_control
 .text.rt_timer_check
                0x08008a88       0xe0 ./Middlewares/Third_Party/RealThread_RTOS_RT-Thread/src/timer.o
                0x08008a88                rt_timer_check
 .text.rt_system_timer_init
                0x08008b68       0x34 ./Middlewares/Third_Party/RealThread_RTOS_RT-Thread/src/timer.o
                0x08008b68                rt_system_timer_init
 .text.__cvt    0x08008b9c       0xca C:/ST/STM32CubeIDE_1.19.0/STM32CubeIDE/plugins/com.st.stm32cube.ide.mcu.externaltools.gnu-tools-for-stm32.13.3.rel1.win32_1.0.0.202411081344/tools/bin/../lib/gcc/arm-none-eabi/13.3.1/../../../../arm-none-eabi/lib/thumb/v7e-m+fp/hard\libc_nano.a(libc_a-nano-vfprintf_float.o)
                0x08008b9c                __cvt
 .text.__exponent
                0x08008c66       0x74 C:/ST/STM32CubeIDE_1.19.0/STM32CubeIDE/plugins/com.st.stm32cube.ide.mcu.externaltools.gnu-tools-for-stm32.13.3.rel1.win32_1.0.0.202411081344/tools/bin/../lib/gcc/arm-none-eabi/13.3.1/../../../../arm-none-eabi/lib/thumb/v7e-m+fp/hard\libc_nano.a(libc_a-nano-vfprintf_float.o)
                0x08008c66                __exponent
 *fill*         0x08008cda        0x2 
 .text._printf_float
                0x08008cdc      0x454 C:/ST/STM32CubeIDE_1.19.0/STM32CubeIDE/plugins/com.st.stm32cube.ide.mcu.externaltools.gnu-tools-for-stm32.13.3.rel1.win32_1.0.0.202411081344/tools/bin/../lib/gcc/arm-none-eabi/13.3.1/../../../../arm-none-eabi/lib/thumb/v7e-m+fp/hard\libc_nano.a(libc_a-nano-vfprintf_float.o)
                0x08008cdc                _printf_float
 .text._printf_common
                0x08009130       0xda C:/ST/STM32CubeIDE_1.19.0/STM32CubeIDE/plugins/com.st.stm32cube.ide.mcu.externaltools.gnu-tools-for-stm32.13.3.rel1.win32_1.0.0.202411081344/tools/bin/../lib/gcc/arm-none-eabi/13.3.1/../../../../arm-none-eabi/lib/thumb/v7e-m+fp/hard\libc_nano.a(libc_a-nano-vfprintf_i.o)
                0x08009130                _printf_common
 *fill*         0x0800920a        0x2 
 .text._printf_i
                0x0800920c      0x23c C:/ST/STM32CubeIDE_1.19.0/STM32CubeIDE/plugins/com.st.stm32cube.ide.mcu.externaltools.gnu-tools-for-stm32.13.3.rel1.win32_1.0.0.202411081344/tools/bin/../lib/gcc/arm-none-eabi/13.3.1/../../../../arm-none-eabi/lib/thumb/v7e-m+fp/hard\libc_nano.a(libc_a-nano-vfprintf_i.o)
                0x0800920c                _printf_i
 .text.std      0x08009448       0x6c C:/ST/STM32CubeIDE_1.19.0/STM32CubeIDE/plugins/com.st.stm32cube.ide.mcu.externaltools.gnu-tools-for-stm32.13.3.rel1.win32_1.0.0.202411081344/tools/bin/../lib/gcc/arm-none-eabi/13.3.1/../../../../arm-none-eabi/lib/thumb/v7e-m+fp/hard\libc_nano.a(libc_a-findfp.o)
 .text.stdio_exit_handler
                0x080094b4       0x18 C:/ST/STM32CubeIDE_1.19.0/STM32CubeIDE/plugins/com.st.stm32cube.ide.mcu.externaltools.gnu-tools-for-stm32.13.3.rel1.win32_1.0.0.202411081344/tools/bin/../lib/gcc/arm-none-eabi/13.3.1/../../../../arm-none-eabi/lib/thumb/v7e-m+fp/hard\libc_nano.a(libc_a-findfp.o)
 .text.cleanup_stdio
                0x080094cc       0x40 C:/ST/STM32CubeIDE_1.19.0/STM32CubeIDE/plugins/com.st.stm32cube.ide.mcu.externaltools.gnu-tools-for-stm32.13.3.rel1.win32_1.0.0.202411081344/tools/bin/../lib/gcc/arm-none-eabi/13.3.1/../../../../arm-none-eabi/lib/thumb/v7e-m+fp/hard\libc_nano.a(libc_a-findfp.o)
 .text.global_stdio_init.part.0
                0x0800950c       0x3c C:/ST/STM32CubeIDE_1.19.0/STM32CubeIDE/plugins/com.st.stm32cube.ide.mcu.externaltools.gnu-tools-for-stm32.13.3.rel1.win32_1.0.0.202411081344/tools/bin/../lib/gcc/arm-none-eabi/13.3.1/../../../../arm-none-eabi/lib/thumb/v7e-m+fp/hard\libc_nano.a(libc_a-findfp.o)
 .text.__sfp_lock_acquire
                0x08009548        0xc C:/ST/STM32CubeIDE_1.19.0/STM32CubeIDE/plugins/com.st.stm32cube.ide.mcu.externaltools.gnu-tools-for-stm32.13.3.rel1.win32_1.0.0.202411081344/tools/bin/../lib/gcc/arm-none-eabi/13.3.1/../../../../arm-none-eabi/lib/thumb/v7e-m+fp/hard\libc_nano.a(libc_a-findfp.o)
                0x08009548                __sfp_lock_acquire
 .text.__sfp_lock_release
                0x08009554        0xc C:/ST/STM32CubeIDE_1.19.0/STM32CubeIDE/plugins/com.st.stm32cube.ide.mcu.externaltools.gnu-tools-for-stm32.13.3.rel1.win32_1.0.0.202411081344/tools/bin/../lib/gcc/arm-none-eabi/13.3.1/../../../../arm-none-eabi/lib/thumb/v7e-m+fp/hard\libc_nano.a(libc_a-findfp.o)
                0x08009554                __sfp_lock_release
 .text.__sinit  0x08009560       0x30 C:/ST/STM32CubeIDE_1.19.0/STM32CubeIDE/plugins/com.st.stm32cube.ide.mcu.externaltools.gnu-tools-for-stm32.13.3.rel1.win32_1.0.0.202411081344/tools/bin/../lib/gcc/arm-none-eabi/13.3.1/../../../../arm-none-eabi/lib/thumb/v7e-m+fp/hard\libc_nano.a(libc_a-findfp.o)
                0x08009560                __sinit
 .text._fwalk_sglue
                0x08009590       0x3c C:/ST/STM32CubeIDE_1.19.0/STM32CubeIDE/plugins/com.st.stm32cube.ide.mcu.externaltools.gnu-tools-for-stm32.13.3.rel1.win32_1.0.0.202411081344/tools/bin/../lib/gcc/arm-none-eabi/13.3.1/../../../../arm-none-eabi/lib/thumb/v7e-m+fp/hard\libc_nano.a(libc_a-fwalk.o)
                0x08009590                _fwalk_sglue
 .text.printf   0x080095cc       0x24 C:/ST/STM32CubeIDE_1.19.0/STM32CubeIDE/plugins/com.st.stm32cube.ide.mcu.externaltools.gnu-tools-for-stm32.13.3.rel1.win32_1.0.0.202411081344/tools/bin/../lib/gcc/arm-none-eabi/13.3.1/../../../../arm-none-eabi/lib/thumb/v7e-m+fp/hard\libc_nano.a(libc_a-printf.o)
                0x080095cc                iprintf
                0x080095cc                printf
 .text._puts_r  0x080095f0       0xaa C:/ST/STM32CubeIDE_1.19.0/STM32CubeIDE/plugins/com.st.stm32cube.ide.mcu.externaltools.gnu-tools-for-stm32.13.3.rel1.win32_1.0.0.202411081344/tools/bin/../lib/gcc/arm-none-eabi/13.3.1/../../../../arm-none-eabi/lib/thumb/v7e-m+fp/hard\libc_nano.a(libc_a-puts.o)
                0x080095f0                _puts_r
 *fill*         0x0800969a        0x2 
 .text.puts     0x0800969c       0x10 C:/ST/STM32CubeIDE_1.19.0/STM32CubeIDE/plugins/com.st.stm32cube.ide.mcu.externaltools.gnu-tools-for-stm32.13.3.rel1.win32_1.0.0.202411081344/tools/bin/../lib/gcc/arm-none-eabi/13.3.1/../../../../arm-none-eabi/lib/thumb/v7e-m+fp/hard\libc_nano.a(libc_a-puts.o)
                0x0800969c                puts
 .text.__sread  0x080096ac       0x22 C:/ST/STM32CubeIDE_1.19.0/STM32CubeIDE/plugins/com.st.stm32cube.ide.mcu.externaltools.gnu-tools-for-stm32.13.3.rel1.win32_1.0.0.202411081344/tools/bin/../lib/gcc/arm-none-eabi/13.3.1/../../../../arm-none-eabi/lib/thumb/v7e-m+fp/hard\libc_nano.a(libc_a-stdio.o)
                0x080096ac                __sread
 .text.__swrite
                0x080096ce       0x38 C:/ST/STM32CubeIDE_1.19.0/STM32CubeIDE/plugins/com.st.stm32cube.ide.mcu.externaltools.gnu-tools-for-stm32.13.3.rel1.win32_1.0.0.202411081344/tools/bin/../lib/gcc/arm-none-eabi/13.3.1/../../../../arm-none-eabi/lib/thumb/v7e-m+fp/hard\libc_nano.a(libc_a-stdio.o)
                0x080096ce                __swrite
 .text.__sseek  0x08009706       0x24 C:/ST/STM32CubeIDE_1.19.0/STM32CubeIDE/plugins/com.st.stm32cube.ide.mcu.externaltools.gnu-tools-for-stm32.13.3.rel1.win32_1.0.0.202411081344/tools/bin/../lib/gcc/arm-none-eabi/13.3.1/../../../../arm-none-eabi/lib/thumb/v7e-m+fp/hard\libc_nano.a(libc_a-stdio.o)
                0x08009706                __sseek
 .text.__sclose
                0x0800972a        0x8 C:/ST/STM32CubeIDE_1.19.0/STM32CubeIDE/plugins/com.st.stm32cube.ide.mcu.externaltools.gnu-tools-for-stm32.13.3.rel1.win32_1.0.0.202411081344/tools/bin/../lib/gcc/arm-none-eabi/13.3.1/../../../../arm-none-eabi/lib/thumb/v7e-m+fp/hard\libc_nano.a(libc_a-stdio.o)
                0x0800972a                __sclose
 .text.__swbuf_r
                0x08009732       0x7c C:/ST/STM32CubeIDE_1.19.0/STM32CubeIDE/plugins/com.st.stm32cube.ide.mcu.externaltools.gnu-tools-for-stm32.13.3.rel1.win32_1.0.0.202411081344/tools/bin/../lib/gcc/arm-none-eabi/13.3.1/../../../../arm-none-eabi/lib/thumb/v7e-m+fp/hard\libc_nano.a(libc_a-wbuf.o)
                0x08009732                __swbuf_r
 *fill*         0x080097ae        0x2 
 .text.__swsetup_r
                0x080097b0       0xac C:/ST/STM32CubeIDE_1.19.0/STM32CubeIDE/plugins/com.st.stm32cube.ide.mcu.externaltools.gnu-tools-for-stm32.13.3.rel1.win32_1.0.0.202411081344/tools/bin/../lib/gcc/arm-none-eabi/13.3.1/../../../../arm-none-eabi/lib/thumb/v7e-m+fp/hard\libc_nano.a(libc_a-wsetup.o)
                0x080097b0                __swsetup_r
 .text.memset   0x0800985c       0x10 C:/ST/STM32CubeIDE_1.19.0/STM32CubeIDE/plugins/com.st.stm32cube.ide.mcu.externaltools.gnu-tools-for-stm32.13.3.rel1.win32_1.0.0.202411081344/tools/bin/../lib/gcc/arm-none-eabi/13.3.1/../../../../arm-none-eabi/lib/thumb/v7e-m+fp/hard\libc_nano.a(libc_a-memset.o)
                0x0800985c                memset
 .text._localeconv_r
                0x0800986c        0x8 C:/ST/STM32CubeIDE_1.19.0/STM32CubeIDE/plugins/com.st.stm32cube.ide.mcu.externaltools.gnu-tools-for-stm32.13.3.rel1.win32_1.0.0.202411081344/tools/bin/../lib/gcc/arm-none-eabi/13.3.1/../../../../arm-none-eabi/lib/thumb/v7e-m+fp/hard\libc_nano.a(libc_a-localeconv.o)
                0x0800986c                _localeconv_r
 .text._close_r
                0x08009874       0x20 C:/ST/STM32CubeIDE_1.19.0/STM32CubeIDE/plugins/com.st.stm32cube.ide.mcu.externaltools.gnu-tools-for-stm32.13.3.rel1.win32_1.0.0.202411081344/tools/bin/../lib/gcc/arm-none-eabi/13.3.1/../../../../arm-none-eabi/lib/thumb/v7e-m+fp/hard\libc_nano.a(libc_a-closer.o)
                0x08009874                _close_r
 .text._lseek_r
                0x08009894       0x24 C:/ST/STM32CubeIDE_1.19.0/STM32CubeIDE/plugins/com.st.stm32cube.ide.mcu.externaltools.gnu-tools-for-stm32.13.3.rel1.win32_1.0.0.202411081344/tools/bin/../lib/gcc/arm-none-eabi/13.3.1/../../../../arm-none-eabi/lib/thumb/v7e-m+fp/hard\libc_nano.a(libc_a-lseekr.o)
                0x08009894                _lseek_r
 .text._read_r  0x080098b8       0x24 C:/ST/STM32CubeIDE_1.19.0/STM32CubeIDE/plugins/com.st.stm32cube.ide.mcu.externaltools.gnu-tools-for-stm32.13.3.rel1.win32_1.0.0.202411081344/tools/bin/../lib/gcc/arm-none-eabi/13.3.1/../../../../arm-none-eabi/lib/thumb/v7e-m+fp/hard\libc_nano.a(libc_a-readr.o)
                0x080098b8                _read_r
 .text._write_r
                0x080098dc       0x24 C:/ST/STM32CubeIDE_1.19.0/STM32CubeIDE/plugins/com.st.stm32cube.ide.mcu.externaltools.gnu-tools-for-stm32.13.3.rel1.win32_1.0.0.202411081344/tools/bin/../lib/gcc/arm-none-eabi/13.3.1/../../../../arm-none-eabi/lib/thumb/v7e-m+fp/hard\libc_nano.a(libc_a-writer.o)
                0x080098dc                _write_r
 .text.__errno  0x08009900        0xc C:/ST/STM32CubeIDE_1.19.0/STM32CubeIDE/plugins/com.st.stm32cube.ide.mcu.externaltools.gnu-tools-for-stm32.13.3.rel1.win32_1.0.0.202411081344/tools/bin/../lib/gcc/arm-none-eabi/13.3.1/../../../../arm-none-eabi/lib/thumb/v7e-m+fp/hard\libc_nano.a(libc_a-errno.o)
                0x08009900                __errno
 .text.__libc_init_array
                0x0800990c       0x48 C:/ST/STM32CubeIDE_1.19.0/STM32CubeIDE/plugins/com.st.stm32cube.ide.mcu.externaltools.gnu-tools-for-stm32.13.3.rel1.win32_1.0.0.202411081344/tools/bin/../lib/gcc/arm-none-eabi/13.3.1/../../../../arm-none-eabi/lib/thumb/v7e-m+fp/hard\libc_nano.a(libc_a-init.o)
                0x0800990c                __libc_init_array
 .text.__retarget_lock_init_recursive
                0x08009954        0x2 C:/ST/STM32CubeIDE_1.19.0/STM32CubeIDE/plugins/com.st.stm32cube.ide.mcu.externaltools.gnu-tools-for-stm32.13.3.rel1.win32_1.0.0.202411081344/tools/bin/../lib/gcc/arm-none-eabi/13.3.1/../../../../arm-none-eabi/lib/thumb/v7e-m+fp/hard\libc_nano.a(libc_a-lock.o)
                0x08009954                __retarget_lock_init_recursive
 .text.__retarget_lock_acquire_recursive
                0x08009956        0x2 C:/ST/STM32CubeIDE_1.19.0/STM32CubeIDE/plugins/com.st.stm32cube.ide.mcu.externaltools.gnu-tools-for-stm32.13.3.rel1.win32_1.0.0.202411081344/tools/bin/../lib/gcc/arm-none-eabi/13.3.1/../../../../arm-none-eabi/lib/thumb/v7e-m+fp/hard\libc_nano.a(libc_a-lock.o)
                0x08009956                __retarget_lock_acquire_recursive
 .text.__retarget_lock_release_recursive
                0x08009958        0x2 C:/ST/STM32CubeIDE_1.19.0/STM32CubeIDE/plugins/com.st.stm32cube.ide.mcu.externaltools.gnu-tools-for-stm32.13.3.rel1.win32_1.0.0.202411081344/tools/bin/../lib/gcc/arm-none-eabi/13.3.1/../../../../arm-none-eabi/lib/thumb/v7e-m+fp/hard\libc_nano.a(libc_a-lock.o)
                0x08009958                __retarget_lock_release_recursive
 .text.memcpy   0x0800995a       0x1c C:/ST/STM32CubeIDE_1.19.0/STM32CubeIDE/plugins/com.st.stm32cube.ide.mcu.externaltools.gnu-tools-for-stm32.13.3.rel1.win32_1.0.0.202411081344/tools/bin/../lib/gcc/arm-none-eabi/13.3.1/../../../../arm-none-eabi/lib/thumb/v7e-m+fp/hard\libc_nano.a(libc_a-memcpy-stub.o)
                0x0800995a                memcpy
 .text.quorem   0x08009976      0x110 C:/ST/STM32CubeIDE_1.19.0/STM32CubeIDE/plugins/com.st.stm32cube.ide.mcu.externaltools.gnu-tools-for-stm32.13.3.rel1.win32_1.0.0.202411081344/tools/bin/../lib/gcc/arm-none-eabi/13.3.1/../../../../arm-none-eabi/lib/thumb/v7e-m+fp/hard\libc_nano.a(libc_a-dtoa.o)
 *fill*         0x08009a86        0x2 
 .text._dtoa_r  0x08009a88      0xba0 C:/ST/STM32CubeIDE_1.19.0/STM32CubeIDE/plugins/com.st.stm32cube.ide.mcu.externaltools.gnu-tools-for-stm32.13.3.rel1.win32_1.0.0.202411081344/tools/bin/../lib/gcc/arm-none-eabi/13.3.1/../../../../arm-none-eabi/lib/thumb/v7e-m+fp/hard\libc_nano.a(libc_a-dtoa.o)
                0x08009a88                _dtoa_r
 .text._free_r  0x0800a628       0x94 C:/ST/STM32CubeIDE_1.19.0/STM32CubeIDE/plugins/com.st.stm32cube.ide.mcu.externaltools.gnu-tools-for-stm32.13.3.rel1.win32_1.0.0.202411081344/tools/bin/../lib/gcc/arm-none-eabi/13.3.1/../../../../arm-none-eabi/lib/thumb/v7e-m+fp/hard\libc_nano.a(libc_a-freer.o)
                0x0800a628                _free_r
 .text.malloc   0x0800a6bc       0x10 C:/ST/STM32CubeIDE_1.19.0/STM32CubeIDE/plugins/com.st.stm32cube.ide.mcu.externaltools.gnu-tools-for-stm32.13.3.rel1.win32_1.0.0.202411081344/tools/bin/../lib/gcc/arm-none-eabi/13.3.1/../../../../arm-none-eabi/lib/thumb/v7e-m+fp/hard\libc_nano.a(libc_a-malloc.o)
                0x0800a6bc                malloc
 .text.sbrk_aligned
                0x0800a6cc       0x44 C:/ST/STM32CubeIDE_1.19.0/STM32CubeIDE/plugins/com.st.stm32cube.ide.mcu.externaltools.gnu-tools-for-stm32.13.3.rel1.win32_1.0.0.202411081344/tools/bin/../lib/gcc/arm-none-eabi/13.3.1/../../../../arm-none-eabi/lib/thumb/v7e-m+fp/hard\libc_nano.a(libc_a-mallocr.o)
 .text._malloc_r
                0x0800a710      0x100 C:/ST/STM32CubeIDE_1.19.0/STM32CubeIDE/plugins/com.st.stm32cube.ide.mcu.externaltools.gnu-tools-for-stm32.13.3.rel1.win32_1.0.0.202411081344/tools/bin/../lib/gcc/arm-none-eabi/13.3.1/../../../../arm-none-eabi/lib/thumb/v7e-m+fp/hard\libc_nano.a(libc_a-mallocr.o)
                0x0800a710                _malloc_r
 .text.__malloc_lock
                0x0800a810        0xc C:/ST/STM32CubeIDE_1.19.0/STM32CubeIDE/plugins/com.st.stm32cube.ide.mcu.externaltools.gnu-tools-for-stm32.13.3.rel1.win32_1.0.0.202411081344/tools/bin/../lib/gcc/arm-none-eabi/13.3.1/../../../../arm-none-eabi/lib/thumb/v7e-m+fp/hard\libc_nano.a(libc_a-mlock.o)
                0x0800a810                __malloc_lock
 .text.__malloc_unlock
                0x0800a81c        0xc C:/ST/STM32CubeIDE_1.19.0/STM32CubeIDE/plugins/com.st.stm32cube.ide.mcu.externaltools.gnu-tools-for-stm32.13.3.rel1.win32_1.0.0.202411081344/tools/bin/../lib/gcc/arm-none-eabi/13.3.1/../../../../arm-none-eabi/lib/thumb/v7e-m+fp/hard\libc_nano.a(libc_a-mlock.o)
                0x0800a81c                __malloc_unlock
 .text._Balloc  0x0800a828       0x80 C:/ST/STM32CubeIDE_1.19.0/STM32CubeIDE/plugins/com.st.stm32cube.ide.mcu.externaltools.gnu-tools-for-stm32.13.3.rel1.win32_1.0.0.202411081344/tools/bin/../lib/gcc/arm-none-eabi/13.3.1/../../../../arm-none-eabi/lib/thumb/v7e-m+fp/hard\libc_nano.a(libc_a-mprec.o)
                0x0800a828                _Balloc
 .text._Bfree   0x0800a8a8       0x44 C:/ST/STM32CubeIDE_1.19.0/STM32CubeIDE/plugins/com.st.stm32cube.ide.mcu.externaltools.gnu-tools-for-stm32.13.3.rel1.win32_1.0.0.202411081344/tools/bin/../lib/gcc/arm-none-eabi/13.3.1/../../../../arm-none-eabi/lib/thumb/v7e-m+fp/hard\libc_nano.a(libc_a-mprec.o)
                0x0800a8a8                _Bfree
 .text.__multadd
                0x0800a8ec       0x8c C:/ST/STM32CubeIDE_1.19.0/STM32CubeIDE/plugins/com.st.stm32cube.ide.mcu.externaltools.gnu-tools-for-stm32.13.3.rel1.win32_1.0.0.202411081344/tools/bin/../lib/gcc/arm-none-eabi/13.3.1/../../../../arm-none-eabi/lib/thumb/v7e-m+fp/hard\libc_nano.a(libc_a-mprec.o)
                0x0800a8ec                __multadd
 .text.__hi0bits
                0x0800a978       0x3e C:/ST/STM32CubeIDE_1.19.0/STM32CubeIDE/plugins/com.st.stm32cube.ide.mcu.externaltools.gnu-tools-for-stm32.13.3.rel1.win32_1.0.0.202411081344/tools/bin/../lib/gcc/arm-none-eabi/13.3.1/../../../../arm-none-eabi/lib/thumb/v7e-m+fp/hard\libc_nano.a(libc_a-mprec.o)
                0x0800a978                __hi0bits
 .text.__lo0bits
                0x0800a9b6       0x5a C:/ST/STM32CubeIDE_1.19.0/STM32CubeIDE/plugins/com.st.stm32cube.ide.mcu.externaltools.gnu-tools-for-stm32.13.3.rel1.win32_1.0.0.202411081344/tools/bin/../lib/gcc/arm-none-eabi/13.3.1/../../../../arm-none-eabi/lib/thumb/v7e-m+fp/hard\libc_nano.a(libc_a-mprec.o)
                0x0800a9b6                __lo0bits
 .text.__i2b    0x0800aa10       0x2c C:/ST/STM32CubeIDE_1.19.0/STM32CubeIDE/plugins/com.st.stm32cube.ide.mcu.externaltools.gnu-tools-for-stm32.13.3.rel1.win32_1.0.0.202411081344/tools/bin/../lib/gcc/arm-none-eabi/13.3.1/../../../../arm-none-eabi/lib/thumb/v7e-m+fp/hard\libc_nano.a(libc_a-mprec.o)
                0x0800aa10                __i2b
 .text.__multiply
                0x0800aa3c      0x144 C:/ST/STM32CubeIDE_1.19.0/STM32CubeIDE/plugins/com.st.stm32cube.ide.mcu.externaltools.gnu-tools-for-stm32.13.3.rel1.win32_1.0.0.202411081344/tools/bin/../lib/gcc/arm-none-eabi/13.3.1/../../../../arm-none-eabi/lib/thumb/v7e-m+fp/hard\libc_nano.a(libc_a-mprec.o)
                0x0800aa3c                __multiply
 .text.__pow5mult
                0x0800ab80       0xb4 C:/ST/STM32CubeIDE_1.19.0/STM32CubeIDE/plugins/com.st.stm32cube.ide.mcu.externaltools.gnu-tools-for-stm32.13.3.rel1.win32_1.0.0.202411081344/tools/bin/../lib/gcc/arm-none-eabi/13.3.1/../../../../arm-none-eabi/lib/thumb/v7e-m+fp/hard\libc_nano.a(libc_a-mprec.o)
                0x0800ab80                __pow5mult
 .text.__lshift
                0x0800ac34       0xd8 C:/ST/STM32CubeIDE_1.19.0/STM32CubeIDE/plugins/com.st.stm32cube.ide.mcu.externaltools.gnu-tools-for-stm32.13.3.rel1.win32_1.0.0.202411081344/tools/bin/../lib/gcc/arm-none-eabi/13.3.1/../../../../arm-none-eabi/lib/thumb/v7e-m+fp/hard\libc_nano.a(libc_a-mprec.o)
                0x0800ac34                __lshift
 .text.__mcmp   0x0800ad0c       0x36 C:/ST/STM32CubeIDE_1.19.0/STM32CubeIDE/plugins/com.st.stm32cube.ide.mcu.externaltools.gnu-tools-for-stm32.13.3.rel1.win32_1.0.0.202411081344/tools/bin/../lib/gcc/arm-none-eabi/13.3.1/../../../../arm-none-eabi/lib/thumb/v7e-m+fp/hard\libc_nano.a(libc_a-mprec.o)
                0x0800ad0c                __mcmp
 *fill*         0x0800ad42        0x2 
 .text.__mdiff  0x0800ad44      0x128 C:/ST/STM32CubeIDE_1.19.0/STM32CubeIDE/plugins/com.st.stm32cube.ide.mcu.externaltools.gnu-tools-for-stm32.13.3.rel1.win32_1.0.0.202411081344/tools/bin/../lib/gcc/arm-none-eabi/13.3.1/../../../../arm-none-eabi/lib/thumb/v7e-m+fp/hard\libc_nano.a(libc_a-mprec.o)
                0x0800ad44                __mdiff
 .text.__d2b    0x0800ae6c       0xb0 C:/ST/STM32CubeIDE_1.19.0/STM32CubeIDE/plugins/com.st.stm32cube.ide.mcu.externaltools.gnu-tools-for-stm32.13.3.rel1.win32_1.0.0.202411081344/tools/bin/../lib/gcc/arm-none-eabi/13.3.1/../../../../arm-none-eabi/lib/thumb/v7e-m+fp/hard\libc_nano.a(libc_a-mprec.o)
                0x0800ae6c                __d2b
 .text.__sfputc_r
                0x0800af1c       0x2e C:/ST/STM32CubeIDE_1.19.0/STM32CubeIDE/plugins/com.st.stm32cube.ide.mcu.externaltools.gnu-tools-for-stm32.13.3.rel1.win32_1.0.0.202411081344/tools/bin/../lib/gcc/arm-none-eabi/13.3.1/../../../../arm-none-eabi/lib/thumb/v7e-m+fp/hard\libc_nano.a(libc_a-nano-vfprintf.o)
 .text.__sfputs_r
                0x0800af4a       0x24 C:/ST/STM32CubeIDE_1.19.0/STM32CubeIDE/plugins/com.st.stm32cube.ide.mcu.externaltools.gnu-tools-for-stm32.13.3.rel1.win32_1.0.0.202411081344/tools/bin/../lib/gcc/arm-none-eabi/13.3.1/../../../../arm-none-eabi/lib/thumb/v7e-m+fp/hard\libc_nano.a(libc_a-nano-vfprintf.o)
                0x0800af4a                __sfputs_r
 *fill*         0x0800af6e        0x2 
 .text._vfprintf_r
                0x0800af70      0x230 C:/ST/STM32CubeIDE_1.19.0/STM32CubeIDE/plugins/com.st.stm32cube.ide.mcu.externaltools.gnu-tools-for-stm32.13.3.rel1.win32_1.0.0.202411081344/tools/bin/../lib/gcc/arm-none-eabi/13.3.1/../../../../arm-none-eabi/lib/thumb/v7e-m+fp/hard\libc_nano.a(libc_a-nano-vfprintf.o)
                0x0800af70                _vfprintf_r
                0x0800af70                _vfiprintf_r
 .text.__sflush_r
                0x0800b1a0      0x108 C:/ST/STM32CubeIDE_1.19.0/STM32CubeIDE/plugins/com.st.stm32cube.ide.mcu.externaltools.gnu-tools-for-stm32.13.3.rel1.win32_1.0.0.202411081344/tools/bin/../lib/gcc/arm-none-eabi/13.3.1/../../../../arm-none-eabi/lib/thumb/v7e-m+fp/hard\libc_nano.a(libc_a-fflush.o)
                0x0800b1a0                __sflush_r
 .text._fflush_r
                0x0800b2a8       0x50 C:/ST/STM32CubeIDE_1.19.0/STM32CubeIDE/plugins/com.st.stm32cube.ide.mcu.externaltools.gnu-tools-for-stm32.13.3.rel1.win32_1.0.0.202411081344/tools/bin/../lib/gcc/arm-none-eabi/13.3.1/../../../../arm-none-eabi/lib/thumb/v7e-m+fp/hard\libc_nano.a(libc_a-fflush.o)
                0x0800b2a8                _fflush_r
 .text.__swhatbuf_r
                0x0800b2f8       0x4c C:/ST/STM32CubeIDE_1.19.0/STM32CubeIDE/plugins/com.st.stm32cube.ide.mcu.externaltools.gnu-tools-for-stm32.13.3.rel1.win32_1.0.0.202411081344/tools/bin/../lib/gcc/arm-none-eabi/13.3.1/../../../../arm-none-eabi/lib/thumb/v7e-m+fp/hard\libc_nano.a(libc_a-makebuf.o)
                0x0800b2f8                __swhatbuf_r
 .text.__smakebuf_r
                0x0800b344       0x78 C:/ST/STM32CubeIDE_1.19.0/STM32CubeIDE/plugins/com.st.stm32cube.ide.mcu.externaltools.gnu-tools-for-stm32.13.3.rel1.win32_1.0.0.202411081344/tools/bin/../lib/gcc/arm-none-eabi/13.3.1/../../../../arm-none-eabi/lib/thumb/v7e-m+fp/hard\libc_nano.a(libc_a-makebuf.o)
                0x0800b344                __smakebuf_r
 .text._fstat_r
                0x0800b3bc       0x24 C:/ST/STM32CubeIDE_1.19.0/STM32CubeIDE/plugins/com.st.stm32cube.ide.mcu.externaltools.gnu-tools-for-stm32.13.3.rel1.win32_1.0.0.202411081344/tools/bin/../lib/gcc/arm-none-eabi/13.3.1/../../../../arm-none-eabi/lib/thumb/v7e-m+fp/hard\libc_nano.a(libc_a-fstatr.o)
                0x0800b3bc                _fstat_r
 .text._isatty_r
                0x0800b3e0       0x20 C:/ST/STM32CubeIDE_1.19.0/STM32CubeIDE/plugins/com.st.stm32cube.ide.mcu.externaltools.gnu-tools-for-stm32.13.3.rel1.win32_1.0.0.202411081344/tools/bin/../lib/gcc/arm-none-eabi/13.3.1/../../../../arm-none-eabi/lib/thumb/v7e-m+fp/hard\libc_nano.a(libc_a-isattyr.o)
                0x0800b3e0                _isatty_r
 .text._sbrk_r  0x0800b400       0x20 C:/ST/STM32CubeIDE_1.19.0/STM32CubeIDE/plugins/com.st.stm32cube.ide.mcu.externaltools.gnu-tools-for-stm32.13.3.rel1.win32_1.0.0.202411081344/tools/bin/../lib/gcc/arm-none-eabi/13.3.1/../../../../arm-none-eabi/lib/thumb/v7e-m+fp/hard\libc_nano.a(libc_a-sbrkr.o)
                0x0800b400                _sbrk_r
 .text.__assert_func
                0x0800b420       0x3c C:/ST/STM32CubeIDE_1.19.0/STM32CubeIDE/plugins/com.st.stm32cube.ide.mcu.externaltools.gnu-tools-for-stm32.13.3.rel1.win32_1.0.0.202411081344/tools/bin/../lib/gcc/arm-none-eabi/13.3.1/../../../../arm-none-eabi/lib/thumb/v7e-m+fp/hard\libc_nano.a(libc_a-assert.o)
                0x0800b420                __assert_func
 .text._calloc_r
                0x0800b45c       0x28 C:/ST/STM32CubeIDE_1.19.0/STM32CubeIDE/plugins/com.st.stm32cube.ide.mcu.externaltools.gnu-tools-for-stm32.13.3.rel1.win32_1.0.0.202411081344/tools/bin/../lib/gcc/arm-none-eabi/13.3.1/../../../../arm-none-eabi/lib/thumb/v7e-m+fp/hard\libc_nano.a(libc_a-callocr.o)
                0x0800b45c                _calloc_r
 .text.__ascii_mbtowc
                0x0800b484       0x24 C:/ST/STM32CubeIDE_1.19.0/STM32CubeIDE/plugins/com.st.stm32cube.ide.mcu.externaltools.gnu-tools-for-stm32.13.3.rel1.win32_1.0.0.202411081344/tools/bin/../lib/gcc/arm-none-eabi/13.3.1/../../../../arm-none-eabi/lib/thumb/v7e-m+fp/hard\libc_nano.a(libc_a-mbtowc_r.o)
                0x0800b484                __ascii_mbtowc
 .text.__ascii_wctomb
                0x0800b4a8       0x1a C:/ST/STM32CubeIDE_1.19.0/STM32CubeIDE/plugins/com.st.stm32cube.ide.mcu.externaltools.gnu-tools-for-stm32.13.3.rel1.win32_1.0.0.202411081344/tools/bin/../lib/gcc/arm-none-eabi/13.3.1/../../../../arm-none-eabi/lib/thumb/v7e-m+fp/hard\libc_nano.a(libc_a-wctomb_r.o)
                0x0800b4a8                __ascii_wctomb
 *fill*         0x0800b4c2        0x2 
 .text.fprintf  0x0800b4c4       0x24 C:/ST/STM32CubeIDE_1.19.0/STM32CubeIDE/plugins/com.st.stm32cube.ide.mcu.externaltools.gnu-tools-for-stm32.13.3.rel1.win32_1.0.0.202411081344/tools/bin/../lib/gcc/arm-none-eabi/13.3.1/../../../../arm-none-eabi/lib/thumb/v7e-m+fp/hard\libc_nano.a(libc_a-fprintf.o)
                0x0800b4c4                fiprintf
                0x0800b4c4                fprintf
 .text.abort    0x0800b4e8        0xe C:/ST/STM32CubeIDE_1.19.0/STM32CubeIDE/plugins/com.st.stm32cube.ide.mcu.externaltools.gnu-tools-for-stm32.13.3.rel1.win32_1.0.0.202411081344/tools/bin/../lib/gcc/arm-none-eabi/13.3.1/../../../../arm-none-eabi/lib/thumb/v7e-m+fp/hard\libc_nano.a(libc_a-abort.o)
                0x0800b4e8                abort
 .text._raise_r
                0x0800b4f6       0x50 C:/ST/STM32CubeIDE_1.19.0/STM32CubeIDE/plugins/com.st.stm32cube.ide.mcu.externaltools.gnu-tools-for-stm32.13.3.rel1.win32_1.0.0.202411081344/tools/bin/../lib/gcc/arm-none-eabi/13.3.1/../../../../arm-none-eabi/lib/thumb/v7e-m+fp/hard\libc_nano.a(libc_a-signal.o)
                0x0800b4f6                _raise_r
 *fill*         0x0800b546        0x2 
 .text.raise    0x0800b548       0x10 C:/ST/STM32CubeIDE_1.19.0/STM32CubeIDE/plugins/com.st.stm32cube.ide.mcu.externaltools.gnu-tools-for-stm32.13.3.rel1.win32_1.0.0.202411081344/tools/bin/../lib/gcc/arm-none-eabi/13.3.1/../../../../arm-none-eabi/lib/thumb/v7e-m+fp/hard\libc_nano.a(libc_a-signal.o)
                0x0800b548                raise
 .text._kill_r  0x0800b558       0x24 C:/ST/STM32CubeIDE_1.19.0/STM32CubeIDE/plugins/com.st.stm32cube.ide.mcu.externaltools.gnu-tools-for-stm32.13.3.rel1.win32_1.0.0.202411081344/tools/bin/../lib/gcc/arm-none-eabi/13.3.1/../../../../arm-none-eabi/lib/thumb/v7e-m+fp/hard\libc_nano.a(libc_a-signalr.o)
                0x0800b558                _kill_r
 .text._getpid_r
                0x0800b57c        0x4 C:/ST/STM32CubeIDE_1.19.0/STM32CubeIDE/plugins/com.st.stm32cube.ide.mcu.externaltools.gnu-tools-for-stm32.13.3.rel1.win32_1.0.0.202411081344/tools/bin/../lib/gcc/arm-none-eabi/13.3.1/../../../../arm-none-eabi/lib/thumb/v7e-m+fp/hard\libc_nano.a(libc_a-signalr.o)
                0x0800b57c                _getpid_r
 *(.glue_7)
 .glue_7        0x0800b580        0x0 linker stubs
 *(.glue_7t)
 .glue_7t       0x0800b580        0x0 linker stubs
 *(.eh_frame)
 .eh_frame      0x0800b580        0x0 C:/ST/STM32CubeIDE_1.19.0/STM32CubeIDE/plugins/com.st.stm32cube.ide.mcu.externaltools.gnu-tools-for-stm32.13.3.rel1.win32_1.0.0.202411081344/tools/bin/../lib/gcc/arm-none-eabi/13.3.1/thumb/v7e-m+fp/hard/crtbegin.o
 *(.init)
 .init          0x0800b580        0x4 C:/ST/STM32CubeIDE_1.19.0/STM32CubeIDE/plugins/com.st.stm32cube.ide.mcu.externaltools.gnu-tools-for-stm32.13.3.rel1.win32_1.0.0.202411081344/tools/bin/../lib/gcc/arm-none-eabi/13.3.1/thumb/v7e-m+fp/hard/crti.o
                0x0800b580                _init
 .init          0x0800b584        0x8 C:/ST/STM32CubeIDE_1.19.0/STM32CubeIDE/plugins/com.st.stm32cube.ide.mcu.externaltools.gnu-tools-for-stm32.13.3.rel1.win32_1.0.0.202411081344/tools/bin/../lib/gcc/arm-none-eabi/13.3.1/thumb/v7e-m+fp/hard/crtn.o
 *(.fini)
 .fini          0x0800b58c        0x4 C:/ST/STM32CubeIDE_1.19.0/STM32CubeIDE/plugins/com.st.stm32cube.ide.mcu.externaltools.gnu-tools-for-stm32.13.3.rel1.win32_1.0.0.202411081344/tools/bin/../lib/gcc/arm-none-eabi/13.3.1/thumb/v7e-m+fp/hard/crti.o
                0x0800b58c                _fini
 .fini          0x0800b590        0x8 C:/ST/STM32CubeIDE_1.19.0/STM32CubeIDE/plugins/com.st.stm32cube.ide.mcu.externaltools.gnu-tools-for-stm32.13.3.rel1.win32_1.0.0.202411081344/tools/bin/../lib/gcc/arm-none-eabi/13.3.1/thumb/v7e-m+fp/hard/crtn.o
                0x0800b598                        . = ALIGN (0x4)
                0x0800b598                        _etext = .

.vfp11_veneer   0x0800b598        0x0
 .vfp11_veneer  0x0800b598        0x0 linker stubs

.v4_bx          0x0800b598        0x0
 .v4_bx         0x0800b598        0x0 linker stubs

.iplt           0x0800b598        0x0
 .iplt          0x0800b598        0x0 C:/ST/STM32CubeIDE_1.19.0/STM32CubeIDE/plugins/com.st.stm32cube.ide.mcu.externaltools.gnu-tools-for-stm32.13.3.rel1.win32_1.0.0.202411081344/tools/bin/../lib/gcc/arm-none-eabi/13.3.1/thumb/v7e-m+fp/hard/crtbegin.o

.rodata         0x0800b598      0xc18
                0x0800b598                        . = ALIGN (0x4)
 *(.rodata)
 .rodata        0x0800b598       0xcb ./Core/Src/main.o
 *fill*         0x0800b663        0x1 
 .rodata        0x0800b664      0x2c7 ./Middlewares/Third_Party/RealThread_RTOS_RT-Thread/components/finsh/src/cmd.o
 *fill*         0x0800b92b        0x1 
 .rodata        0x0800b92c      0x2c9 ./Middlewares/Third_Party/RealThread_RTOS_RT-Thread/libcpu/arm/cortex-m4/cpuport.o
 *fill*         0x0800bbf5        0x3 
 .rodata        0x0800bbf8        0x8 ./Middlewares/Third_Party/RealThread_RTOS_RT-Thread/src/idle.o
 .rodata        0x0800bc00       0xf7 ./Middlewares/Third_Party/RealThread_RTOS_RT-Thread/src/kservice.o
 *(.rodata*)
 *fill*         0x0800bcf7        0x1 
 .rodata.AHBPrescTable
                0x0800bcf8       0x10 ./Core/Src/system_stm32f4xx.o
                0x0800bcf8                AHBPrescTable
 .rodata.APBPrescTable
                0x0800bd08        0x8 ./Core/Src/system_stm32f4xx.o
                0x0800bd08                APBPrescTable
 .rodata.flagBitshiftOffset.0
                0x0800bd10        0x8 ./Drivers/STM32F4xx_HAL_Driver/Src/stm32f4xx_hal_dma.o
 .rodata.__lowest_bit_bitmap
                0x0800bd18      0x100 ./Middlewares/Third_Party/RealThread_RTOS_RT-Thread/src/kservice.o
                0x0800bd18                __lowest_bit_bitmap
 .rodata.large_digits.2
                0x0800be18       0x11 ./Middlewares/Third_Party/RealThread_RTOS_RT-Thread/src/kservice.o
 *fill*         0x0800be29        0x3 
 .rodata.small_digits.1
                0x0800be2c       0x11 ./Middlewares/Third_Party/RealThread_RTOS_RT-Thread/src/kservice.o
 .rodata._ctype_
                0x0800be3d      0x101 C:/ST/STM32CubeIDE_1.19.0/STM32CubeIDE/plugins/com.st.stm32cube.ide.mcu.externaltools.gnu-tools-for-stm32.13.3.rel1.win32_1.0.0.202411081344/tools/bin/../lib/gcc/arm-none-eabi/13.3.1/../../../../arm-none-eabi/lib/thumb/v7e-m+fp/hard\libc_nano.a(libc_a-ctype_.o)
                0x0800be3d                _ctype_
 .rodata._printf_float.str1.1
                0x0800bf3e      0x171 C:/ST/STM32CubeIDE_1.19.0/STM32CubeIDE/plugins/com.st.stm32cube.ide.mcu.externaltools.gnu-tools-for-stm32.13.3.rel1.win32_1.0.0.202411081344/tools/bin/../lib/gcc/arm-none-eabi/13.3.1/../../../../arm-none-eabi/lib/thumb/v7e-m+fp/hard\libc_nano.a(libc_a-nano-vfprintf_float.o)
                                 0x12 (size before relaxing)
 .rodata._printf_i.str1.1
                0x0800c0af       0x22 C:/ST/STM32CubeIDE_1.19.0/STM32CubeIDE/plugins/com.st.stm32cube.ide.mcu.externaltools.gnu-tools-for-stm32.13.3.rel1.win32_1.0.0.202411081344/tools/bin/../lib/gcc/arm-none-eabi/13.3.1/../../../../arm-none-eabi/lib/thumb/v7e-m+fp/hard\libc_nano.a(libc_a-nano-vfprintf_i.o)
 .rodata._dtoa_r.str1.1
                0x0800c0af       0x8f C:/ST/STM32CubeIDE_1.19.0/STM32CubeIDE/plugins/com.st.stm32cube.ide.mcu.externaltools.gnu-tools-for-stm32.13.3.rel1.win32_1.0.0.202411081344/tools/bin/../lib/gcc/arm-none-eabi/13.3.1/../../../../arm-none-eabi/lib/thumb/v7e-m+fp/hard\libc_nano.a(libc_a-dtoa.o)
 .rodata._Balloc.str1.1
                0x0800c0af       0x70 C:/ST/STM32CubeIDE_1.19.0/STM32CubeIDE/plugins/com.st.stm32cube.ide.mcu.externaltools.gnu-tools-for-stm32.13.3.rel1.win32_1.0.0.202411081344/tools/bin/../lib/gcc/arm-none-eabi/13.3.1/../../../../arm-none-eabi/lib/thumb/v7e-m+fp/hard\libc_nano.a(libc_a-mprec.o)
 .rodata.__multadd.str1.1
                0x0800c0af       0x11 C:/ST/STM32CubeIDE_1.19.0/STM32CubeIDE/plugins/com.st.stm32cube.ide.mcu.externaltools.gnu-tools-for-stm32.13.3.rel1.win32_1.0.0.202411081344/tools/bin/../lib/gcc/arm-none-eabi/13.3.1/../../../../arm-none-eabi/lib/thumb/v7e-m+fp/hard\libc_nano.a(libc_a-mprec.o)
 *fill*         0x0800c0af        0x1 
 .rodata.p05.0  0x0800c0b0        0xc C:/ST/STM32CubeIDE_1.19.0/STM32CubeIDE/plugins/com.st.stm32cube.ide.mcu.externaltools.gnu-tools-for-stm32.13.3.rel1.win32_1.0.0.202411081344/tools/bin/../lib/gcc/arm-none-eabi/13.3.1/../../../../arm-none-eabi/lib/thumb/v7e-m+fp/hard\libc_nano.a(libc_a-mprec.o)
 *fill*         0x0800c0bc        0x4 
 .rodata.__mprec_bigtens
                0x0800c0c0       0x28 C:/ST/STM32CubeIDE_1.19.0/STM32CubeIDE/plugins/com.st.stm32cube.ide.mcu.externaltools.gnu-tools-for-stm32.13.3.rel1.win32_1.0.0.202411081344/tools/bin/../lib/gcc/arm-none-eabi/13.3.1/../../../../arm-none-eabi/lib/thumb/v7e-m+fp/hard\libc_nano.a(libc_a-mprec.o)
                0x0800c0c0                __mprec_bigtens
 .rodata.__mprec_tens
                0x0800c0e8       0xc8 C:/ST/STM32CubeIDE_1.19.0/STM32CubeIDE/plugins/com.st.stm32cube.ide.mcu.externaltools.gnu-tools-for-stm32.13.3.rel1.win32_1.0.0.202411081344/tools/bin/../lib/gcc/arm-none-eabi/13.3.1/../../../../arm-none-eabi/lib/thumb/v7e-m+fp/hard\libc_nano.a(libc_a-mprec.o)
                0x0800c0e8                __mprec_tens
 .rodata._vfprintf_r.str1.1
                0x0800c1b0       0x11 C:/ST/STM32CubeIDE_1.19.0/STM32CubeIDE/plugins/com.st.stm32cube.ide.mcu.externaltools.gnu-tools-for-stm32.13.3.rel1.win32_1.0.0.202411081344/tools/bin/../lib/gcc/arm-none-eabi/13.3.1/../../../../arm-none-eabi/lib/thumb/v7e-m+fp/hard\libc_nano.a(libc_a-nano-vfprintf.o)
 .rodata._setlocale_r.str1.1
                0x0800c1b0        0x9 C:/ST/STM32CubeIDE_1.19.0/STM32CubeIDE/plugins/com.st.stm32cube.ide.mcu.externaltools.gnu-tools-for-stm32.13.3.rel1.win32_1.0.0.202411081344/tools/bin/../lib/gcc/arm-none-eabi/13.3.1/../../../../arm-none-eabi/lib/thumb/v7e-m+fp/hard\libc_nano.a(libc_a-locale.o)
 .rodata.str1.1
                0x0800c1b0        0x2 C:/ST/STM32CubeIDE_1.19.0/STM32CubeIDE/plugins/com.st.stm32cube.ide.mcu.externaltools.gnu-tools-for-stm32.13.3.rel1.win32_1.0.0.202411081344/tools/bin/../lib/gcc/arm-none-eabi/13.3.1/../../../../arm-none-eabi/lib/thumb/v7e-m+fp/hard\libc_nano.a(libc_a-locale.o)
 .rodata.__assert_func.str1.1
                0x0800c1b0       0x3d C:/ST/STM32CubeIDE_1.19.0/STM32CubeIDE/plugins/com.st.stm32cube.ide.mcu.externaltools.gnu-tools-for-stm32.13.3.rel1.win32_1.0.0.202411081344/tools/bin/../lib/gcc/arm-none-eabi/13.3.1/../../../../arm-none-eabi/lib/thumb/v7e-m+fp/hard\libc_nano.a(libc_a-assert.o)
                0x0800c1f0                        . = ALIGN (0x4)

.ARM.extab      0x0800c1b0        0x0
                0x0800c1b0                        . = ALIGN (0x4)
 *(.ARM.extab* .gnu.linkonce.armextab.*)
                0x0800c1b0                        . = ALIGN (0x4)

.ARM            0x0800c1b0        0x8
                0x0800c1b0                        . = ALIGN (0x4)
                0x0800c1b0                        __exidx_start = .
 *(.ARM.exidx*)
 .ARM.exidx     0x0800c1b0        0x8 C:/ST/STM32CubeIDE_1.19.0/STM32CubeIDE/plugins/com.st.stm32cube.ide.mcu.externaltools.gnu-tools-for-stm32.13.3.rel1.win32_1.0.0.202411081344/tools/bin/../lib/gcc/arm-none-eabi/13.3.1/../../../../arm-none-eabi/lib/thumb/v7e-m+fp/hard\libc_nano.a(libc_a-memchr.o)
 .ARM.exidx     0x0800c1b8        0x0 C:/ST/STM32CubeIDE_1.19.0/STM32CubeIDE/plugins/com.st.stm32cube.ide.mcu.externaltools.gnu-tools-for-stm32.13.3.rel1.win32_1.0.0.202411081344/tools/bin/../lib/gcc/arm-none-eabi/13.3.1/../../../../arm-none-eabi/lib/thumb/v7e-m+fp/hard\libc_nano.a(libc_a-strlen.o)
                                  0x8 (size before relaxing)
 .ARM.exidx     0x0800c1b8        0x0 C:/ST/STM32CubeIDE_1.19.0/STM32CubeIDE/plugins/com.st.stm32cube.ide.mcu.externaltools.gnu-tools-for-stm32.13.3.rel1.win32_1.0.0.202411081344/tools/bin/../lib/gcc/arm-none-eabi/13.3.1/thumb/v7e-m+fp/hard\libgcc.a(_udivmoddi4.o)
                                  0x8 (size before relaxing)
                0x0800c1b8                        __exidx_end = .
                0x0800c1b8                        . = ALIGN (0x4)

.preinit_array  0x0800c1b8        0x0
                0x0800c1b8                        . = ALIGN (0x4)
                0x0800c1b8                        PROVIDE (__preinit_array_start = .)
 *(.preinit_array*)
                0x0800c1b8                        PROVIDE (__preinit_array_end = .)
                0x0800c1b8                        . = ALIGN (0x4)

.init_array     0x0800c1b8        0x4
                0x0800c1b8                        . = ALIGN (0x4)
                0x0800c1b8                        PROVIDE (__init_array_start = .)
 *(SORT_BY_NAME(.init_array.*))
 *(.init_array*)
 .init_array    0x0800c1b8        0x4 C:/ST/STM32CubeIDE_1.19.0/STM32CubeIDE/plugins/com.st.stm32cube.ide.mcu.externaltools.gnu-tools-for-stm32.13.3.rel1.win32_1.0.0.202411081344/tools/bin/../lib/gcc/arm-none-eabi/13.3.1/thumb/v7e-m+fp/hard/crtbegin.o
                0x0800c1bc                        PROVIDE (__init_array_end = .)
                0x0800c1bc                        . = ALIGN (0x4)

.fini_array     0x0800c1bc        0x4
                0x0800c1bc                        . = ALIGN (0x4)
                [!provide]                        PROVIDE (__fini_array_start = .)
 *(SORT_BY_NAME(.fini_array.*))
 *(.fini_array*)
 .fini_array    0x0800c1bc        0x4 C:/ST/STM32CubeIDE_1.19.0/STM32CubeIDE/plugins/com.st.stm32cube.ide.mcu.externaltools.gnu-tools-for-stm32.13.3.rel1.win32_1.0.0.202411081344/tools/bin/../lib/gcc/arm-none-eabi/13.3.1/thumb/v7e-m+fp/hard/crtbegin.o
                [!provide]                        PROVIDE (__fini_array_end = .)
                0x0800c1c0                        . = ALIGN (0x4)
                0x0800c1c0                        _sidata = LOADADDR (.data)

.rel.dyn        0x0800c1c0        0x0
 .rel.iplt      0x0800c1c0        0x0 C:/ST/STM32CubeIDE_1.19.0/STM32CubeIDE/plugins/com.st.stm32cube.ide.mcu.externaltools.gnu-tools-for-stm32.13.3.rel1.win32_1.0.0.202411081344/tools/bin/../lib/gcc/arm-none-eabi/13.3.1/thumb/v7e-m+fp/hard/crtbegin.o

.data           0x20000000      0x240 load address 0x0800c1c0
                0x20000000                        . = ALIGN (0x4)
                0x20000000                        _sdata = .
 *(.data)
 *(.data*)
 .data.Target_UART
                0x20000000        0x4 ./Core/Src/retarget.o
                0x20000000                Target_UART
 .data.SystemCoreClock
                0x20000004        0x4 ./Core/Src/system_stm32f4xx.o
                0x20000004                SystemCoreClock
 .data.uwTickPrio
                0x20000008        0x4 ./Drivers/STM32F4xx_HAL_Driver/Src/stm32f4xx_hal.o
                0x20000008                uwTickPrio
 .data.uwTickFreq
                0x2000000c        0x1 ./Drivers/STM32F4xx_HAL_Driver/Src/stm32f4xx_hal.o
                0x2000000c                uwTickFreq
 *fill*         0x2000000d        0x3 
 .data._rt_thread_defunct
                0x20000010        0x8 ./Middlewares/Third_Party/RealThread_RTOS_RT-Thread/src/idle.o
 .data.rt_errno_strs
                0x20000018       0x30 ./Middlewares/Third_Party/RealThread_RTOS_RT-Thread/src/kservice.o
 .data._object_container
                0x20000048       0x30 ./Middlewares/Third_Party/RealThread_RTOS_RT-Thread/src/object.o
 .data.__sglue  0x20000078        0xc C:/ST/STM32CubeIDE_1.19.0/STM32CubeIDE/plugins/com.st.stm32cube.ide.mcu.externaltools.gnu-tools-for-stm32.13.3.rel1.win32_1.0.0.202411081344/tools/bin/../lib/gcc/arm-none-eabi/13.3.1/../../../../arm-none-eabi/lib/thumb/v7e-m+fp/hard\libc_nano.a(libc_a-findfp.o)
                0x20000078                __sglue
 .data._impure_ptr
                0x20000084        0x4 C:/ST/STM32CubeIDE_1.19.0/STM32CubeIDE/plugins/com.st.stm32cube.ide.mcu.externaltools.gnu-tools-for-stm32.13.3.rel1.win32_1.0.0.202411081344/tools/bin/../lib/gcc/arm-none-eabi/13.3.1/../../../../arm-none-eabi/lib/thumb/v7e-m+fp/hard\libc_nano.a(libc_a-impure.o)
                0x20000084                _impure_ptr
 .data._impure_data
                0x20000088       0x4c C:/ST/STM32CubeIDE_1.19.0/STM32CubeIDE/plugins/com.st.stm32cube.ide.mcu.externaltools.gnu-tools-for-stm32.13.3.rel1.win32_1.0.0.202411081344/tools/bin/../lib/gcc/arm-none-eabi/13.3.1/../../../../arm-none-eabi/lib/thumb/v7e-m+fp/hard\libc_nano.a(libc_a-impure.o)
                0x20000088                _impure_data
 .data.__global_locale
                0x200000d4      0x16c C:/ST/STM32CubeIDE_1.19.0/STM32CubeIDE/plugins/com.st.stm32cube.ide.mcu.externaltools.gnu-tools-for-stm32.13.3.rel1.win32_1.0.0.202411081344/tools/bin/../lib/gcc/arm-none-eabi/13.3.1/../../../../arm-none-eabi/lib/thumb/v7e-m+fp/hard\libc_nano.a(libc_a-locale.o)
                0x200000d4                __global_locale
 *(.RamFunc)
 *(.RamFunc*)
                0x20000240                        . = ALIGN (0x4)
                0x20000240                        _edata = .

.igot.plt       0x20000240        0x0 load address 0x0800c400
 .igot.plt      0x20000240        0x0 C:/ST/STM32CubeIDE_1.19.0/STM32CubeIDE/plugins/com.st.stm32cube.ide.mcu.externaltools.gnu-tools-for-stm32.13.3.rel1.win32_1.0.0.202411081344/tools/bin/../lib/gcc/arm-none-eabi/13.3.1/thumb/v7e-m+fp/hard/crtbegin.o
                0x20000240                        . = ALIGN (0x4)

.bss            0x20000240     0x111c load address 0x0800c400
                0x20000240                        _sbss = .
                0x20000240                        __bss_start__ = _sbss
 *(.bss)
 .bss           0x20000240       0x1c C:/ST/STM32CubeIDE_1.19.0/STM32CubeIDE/plugins/com.st.stm32cube.ide.mcu.externaltools.gnu-tools-for-stm32.13.3.rel1.win32_1.0.0.202411081344/tools/bin/../lib/gcc/arm-none-eabi/13.3.1/thumb/v7e-m+fp/hard/crtbegin.o
 *(.bss*)
 .bss.hi2c1     0x2000025c       0x54 ./Core/Src/main.o
                0x2000025c                hi2c1
 .bss.hi2c2     0x200002b0       0x54 ./Core/Src/main.o
                0x200002b0                hi2c2
 .bss.hdma_i2c1_rx
                0x20000304       0x60 ./Core/Src/main.o
                0x20000304                hdma_i2c1_rx
 .bss.hdma_i2c1_tx
                0x20000364       0x60 ./Core/Src/main.o
                0x20000364                hdma_i2c1_tx
 .bss.hdma_i2c2_rx
                0x200003c4       0x60 ./Core/Src/main.o
                0x200003c4                hdma_i2c2_rx
 .bss.hdma_i2c2_tx
                0x20000424       0x60 ./Core/Src/main.o
                0x20000424                hdma_i2c2_tx
 .bss.huart2    0x20000484       0x48 ./Core/Src/main.o
                0x20000484                huart2
 .bss.huart6    0x200004cc       0x48 ./Core/Src/main.o
                0x200004cc                huart6
 .bss.ads1_sem  0x20000514       0x20 ./Core/Src/main.o
 .bss.ads1_tx_buf
                0x20000534        0x4 ./Core/Src/main.o
 .bss.ads1_rx_buf
                0x20000538        0x4 ./Core/Src/main.o
 .bss.ads1_raw_val
                0x2000053c        0x8 ./Core/Src/main.o
 .bss.ads1_vol_val
                0x20000544       0x10 ./Core/Src/main.o
 .bss.ads2_sem  0x20000554       0x20 ./Core/Src/main.o
 .bss.ads2_tx_buf
                0x20000574        0x4 ./Core/Src/main.o
 .bss.ads2_rx_buf
                0x20000578        0x4 ./Core/Src/main.o
 .bss.ads2_raw_val
                0x2000057c        0x8 ./Core/Src/main.o
 .bss.ads2_vol_val
                0x20000584       0x10 ./Core/Src/main.o
 .bss.thread1   0x20000594       0x78 ./Core/Src/main.o
 .bss.stack1    0x2000060c      0x400 ./Core/Src/main.o
 .bss.thread2   0x20000a0c       0x78 ./Core/Src/main.o
 .bss.stack2    0x20000a84      0x400 ./Core/Src/main.o
 .bss.__sbrk_heap_end
                0x20000e84        0x4 ./Core/Src/sysmem.o
 .bss.uwTick    0x20000e88        0x4 ./Drivers/STM32F4xx_HAL_Driver/Src/stm32f4xx_hal.o
                0x20000e88                uwTick
 .bss.UartHandle
                0x20000e8c       0x48 ./Middlewares/Third_Party/RealThread_RTOS_RT-Thread/bsp/_template/cubemx_config/board.o
 .bss.rt_interrupt_from_thread
                0x20000ed4        0x4 ./Middlewares/Third_Party/RealThread_RTOS_RT-Thread/libcpu/arm/cortex-m4/cpuport.o
                0x20000ed4                rt_interrupt_from_thread
 .bss.rt_interrupt_to_thread
                0x20000ed8        0x4 ./Middlewares/Third_Party/RealThread_RTOS_RT-Thread/libcpu/arm/cortex-m4/cpuport.o
                0x20000ed8                rt_interrupt_to_thread
 .bss.rt_thread_switch_interrupt_flag
                0x20000edc        0x4 ./Middlewares/Third_Party/RealThread_RTOS_RT-Thread/libcpu/arm/cortex-m4/cpuport.o
                0x20000edc                rt_thread_switch_interrupt_flag
 .bss.rt_exception_hook
                0x20000ee0        0x4 ./Middlewares/Third_Party/RealThread_RTOS_RT-Thread/libcpu/arm/cortex-m4/cpuport.o
 .bss.rt_tick   0x20000ee4        0x4 ./Middlewares/Third_Party/RealThread_RTOS_RT-Thread/src/clock.o