../Middlewares/Third_Party/RealThread_RTOS_RT-Thread/libcpu/arm/cortex-m4/cpuport.c:141:13:rt_hw_stack_init	40	static
../Middlewares/Third_Party/RealThread_RTOS_RT-Thread/libcpu/arm/cortex-m4/cpuport.c:184:6:rt_hw_exception_install	16	static
../Middlewares/Third_Party/RealThread_RTOS_RT-Thread/libcpu/arm/cortex-m4/cpuport.c:201:13:usage_fault_track	8	static
../Middlewares/Third_Party/RealThread_RTOS_RT-Thread/libcpu/arm/cortex-m4/cpuport.c:245:13:bus_fault_track	8	static
../Middlewares/Third_Party/RealThread_RTOS_RT-Thread/libcpu/arm/cortex-m4/cpuport.c:290:13:mem_manage_fault_track	8	static
../Middlewares/Third_Party/RealThread_RTOS_RT-Thread/libcpu/arm/cortex-m4/cpuport.c:330:13:hard_fault_track	8	static
../Middlewares/Third_Party/RealThread_RTOS_RT-Thread/libcpu/arm/cortex-m4/cpuport.c:372:6:rt_hw_hard_fault_exception	32	static
../Middlewares/Third_Party/RealThread_RTOS_RT-Thread/libcpu/arm/cortex-m4/cpuport.c:434:14:rt_hw_cpu_shutdown	8	static
../Middlewares/Third_Party/RealThread_RTOS_RT-Thread/libcpu/arm/cortex-m4/cpuport.c:444:14:rt_hw_cpu_reset	4	static
