../Middlewares/Third_Party/RealThread_RTOS_RT-Thread/include/rtservice.h:98:15:rt_list_isempty	16	static
../Middlewares/Third_Party/RealThread_RTOS_RT-Thread/include/rtservice.h:107:24:rt_list_len	24	static
../Middlewares/Third_Party/RealThread_RTOS_RT-Thread/components/finsh/src/cmd.c:44:13:clear	8	static
../Middlewares/Third_Party/RealThread_RTOS_RT-Thread/components/finsh/src/cmd.c:53:6:version	8	static
../Middlewares/Third_Party/RealThread_RTOS_RT-Thread/components/finsh/src/cmd.c:61:16:object_split	16	static
../Middlewares/Third_Party/RealThread_RTOS_RT-Thread/components/finsh/src/cmd.c:75:13:list_find_init	32	static
../Middlewares/Third_Party/RealThread_RTOS_RT-Thread/components/finsh/src/cmd.c:90:19:list_get_next	48	static
../Middlewares/Third_Party/RealThread_RTOS_RT-Thread/components/finsh/src/cmd.c:155:6:list_thread	240	static
../Middlewares/Third_Party/RealThread_RTOS_RT-Thread/components/finsh/src/cmd.c:252:13:show_wait_queue	24	static
../Middlewares/Third_Party/RealThread_RTOS_RT-Thread/components/finsh/src/cmd.c:268:6:list_sem	104	static
../Middlewares/Third_Party/RealThread_RTOS_RT-Thread/components/finsh/src/cmd.c:732:6:list_timer	96	static
../Middlewares/Third_Party/RealThread_RTOS_RT-Thread/components/finsh/src/cmd.c:891:5:cmd_list	16	static
