../Middlewares/Third_Party/RealThread_RTOS_RT-Thread/components/finsh/src/shell.c:90:13:finsh_get_prompt	8	static
../Middlewares/Third_Party/RealThread_RTOS_RT-Thread/components/finsh/src/shell.c:127:13:finsh_get_prompt_mode	4	static
../Middlewares/Third_Party/RealThread_RTOS_RT-Thread/components/finsh/src/shell.c:142:6:finsh_set_prompt_mode	16	static
../Middlewares/Third_Party/RealThread_RTOS_RT-Thread/components/finsh/src/shell.c:148:5:finsh_getchar	8	static
../Middlewares/Third_Party/RealThread_RTOS_RT-Thread/components/finsh/src/shell.c:267:6:finsh_set_echo	16	static
../Middlewares/Third_Party/RealThread_RTOS_RT-Thread/components/finsh/src/shell.c:280:13:finsh_get_echo	4	static
../Middlewares/Third_Party/RealThread_RTOS_RT-Thread/components/finsh/src/shell.c:379:13:shell_auto_complete	16	static
../Middlewares/Third_Party/RealThread_RTOS_RT-Thread/components/finsh/src/shell.c:447:6:finsh_thread_entry	32	static
../Middlewares/Third_Party/RealThread_RTOS_RT-Thread/components/finsh/src/shell.c:689:6:finsh_system_function_init	16	static
../Middlewares/Third_Party/RealThread_RTOS_RT-Thread/components/finsh/src/shell.c:731:5:finsh_system_init	32	static
