../Middlewares/Third_Party/RealThread_RTOS_RT-Thread/src/components.c:56:12:rti_start	4	static
../Middlewares/Third_Party/RealThread_RTOS_RT-Thread/src/components.c:62:12:rti_board_start	4	static
../Middlewares/Third_Party/RealThread_RTOS_RT-Thread/src/components.c:68:12:rti_board_end	4	static
../Middlewares/Third_Party/RealThread_RTOS_RT-Thread/src/components.c:74:12:rti_end	4	static
../Middlewares/Third_Party/RealThread_RTOS_RT-Thread/src/components.c:85:6:rt_components_board_init	16	static
../Middlewares/Third_Party/RealThread_RTOS_RT-Thread/src/components.c:109:6:rt_components_init	16	static
../Middlewares/Third_Party/RealThread_RTOS_RT-Thread/src/components.c:160:5:entry	8	static
../Middlewares/Third_Party/RealThread_RTOS_RT-Thread/src/components.c:179:6:main_thread_entry	16	static
../Middlewares/Third_Party/RealThread_RTOS_RT-Thread/src/components.c:206:6:rt_application_init	32	static
../Middlewares/Third_Party/RealThread_RTOS_RT-Thread/src/components.c:233:5:rtthread_startup	8	static
